There is a place in the city centre , Alimentum , that is not family-friendly .
Alimentum is not family-friendly , and is near the Burger King in the city centre .
Alimentum is a family-friendly place in the city centre .
Alimentum is family oriented and located near Burger King in the city centre .
Alimentum looks like a location where people or families are n't allowed
Burger King is near the Alimentum which is not family friendly and located north of the City center .
A kid friendly venue named Alimentum is located on the riverside .
You will find Alimentum a nice child friendly place . It is located near Burger King and riverside .
There is an Chinese coffee shop named Aromi near the riverside that has 1 out of 5 in the customer ranking and friendly with kid
Aromi 's a fairly decent coffee shop down at riverside . It has Chinese food and allows kids on the premises .
Aromi is a coffee shop providing Chinese food It is located in the city centre . Its customer rating is 5 out of 5 .
Aromi is a coffee shop providing Chinese food It is located in the city centre . Its customer rating is 5 out of 5 .
Aromi is a coffee shop providing Chinese food It is located in the riverside . Its customer rating is 5 out of 5 .
Aromi is a Chinese food coffee shop in riverside . It is family friendly and gets a customer rating of 5 out of 5 stars .
Aromi is a coffee shop serving Chinese food that is rated average and is located in the city centre . Aromi is not family friendly .
In city centre , Aromi is a coffee shop having Chinese cuisine with average customer rating and is family friendly .
Aromi has an average customer rating in Riverside that provides Chinese food .
Aromi is a family friendly Chinese food coffee shop in the riverside area .
A kid friendly coffee called Aromi is located near the riverside , it serves Chinese food and receives high ratings .
Aromi coffee shop serves Chinese food , is rated low , and is not family-friendly . It is located in the city centre .
Aromi is a coffee shop that offers Chinese food in the city centre . It is a family friendly restaurant with a low customer rating .
The riverside Aromi coffee shop is not family friendly and has a low customer rating . It does serve Chinese food .
Aromi is a family friendly Chinese coffee shop in the riverside area .
Aromi is a English coffee shop in Riverside that is children friendly with the customer rating of 1 out of 5
A kid friendly English coffee shop , Aromi , rated 3 out of 5 and located in riverside
Aromi coffee shop server English food are not family-friendly , they do have 5 out of 5 customer rating , located in city centre
There is a coffee shop in the city center called Aromi that offers food , is family-friendly and has a five star customer service rating .
Aromi is an English coffee shop by the riverside . It is not family-friendly , and has a customer rating of 5 out of 5 .
With a 5 out of 5 customer rating , Aromi on the riverside is a family friendly , English coffee shop .
The Aromi is a coffee shop which serves English food in the city centre , it is not family-friendly also has an average customer rating .
English , family-friendly English coffee shop located in City Centre is Aromi . It has an average rating .
Aromi serves English food in coffee shop and is located in the riverside area . Rated average . kid unfriendly
Aromi is a coffee shop located outside of the city centre , it is very family friendly and serves food
Although children friendly , Aromi is a moderately priced five star coffee shop serving English food in the riverside area .
The Aromi is an English coffee shop located in the city centre that is not family-friendly and has a low customer rating .
Aromi serves fresh coffee with a family atmosphere in the city centre .
Aromi is small coffee shop , ideal for individuals near the city centre of Cambridge
Aromi has a low rating they are in the Riverside area , they have food and coffee . They are family friendly .
Bibimbap House in city centre near Café Sicilia .
By the riverside and near Café Sicilia is Bibimbap House .
Browns Cambridge coffee shop has Chinese food with customer rating of 1 out of 5 , at riverside , is kids friendly and is near Crowne Plaza Hotel .
If you are near the Crowne Plaza Hotel in riverside . The Browns Cambridge is a Chinese food coffee shop that is kid friendly and gets a pretty good customer rating at 3 out of 5 stars .
The customers rating of Browns Cambridge is 5 out of 5 . It is not family friendly . It is located to the city centre near Crowne Plaza Hotel .
Browns Cambridge is a Chinese coffee shop near Crowne Plaza Hotel in the city centre . Rating is 5 out of 5 and family friendly .
Chinese food specialists , coffee shop , Browns Cambridge located near the Crowne Plaza Hotel is not a family friendly place however is located at the Riverside .
Browns Cambridge is a coffee shop near Crowne Plaza Hotel on the riverside . They offer Chinese entrees , and have excellent customer reviews . They accept all families .
Browns Cambridge is a coffee shop that serves Chinese food in the city centre , near Crowne Plaza Hotel . It is not family friendly and has an average customer rating .
A coffee shop for families , Browns Cambridge , serving Chinese food is situated in the city centre , near the Crowne Plaza Hotel . It receives an average rating..
Browns Cambridge is a coffee shop that serves Chinese food . The customer rating is average . It is located in the riverside by Crowne Plaza Hotel and is not family friendly
In the riverside near the Crowne Plaza Hotel is a family friendly Chinese coffee shop . It has an average customer rating and is named Browns Cambridge .
The kid friendly coffee shop , Browns Cambridge , serves Chinese food and is located in riverside near the Crowne Plaza Hotel . It has a high customer rating .
Browns Cambridge is a low rated coffee shop that serves Chinese food in the centre of the city . Located near Crowne Plaza Hotel this coffee shop is not family friendly .
Browns Cambridge is a family friendly Chinese coffee shop with low customer rating in the centre of the city near Crowne Plaza Hotel .
Browns Cambridge is a coffee shop providing Chinese food It is located in the riverside . It is near Crowne Plaza Hotel . Its customer rating is low .
The Browns Cambridge is a family friendly coffee shop with low customer rating . It has Chinese food and is located near the Crowne Plaza Hotel in Riverside .
a family coffee shop with English food is Browns Cambridge , in the area of riverside close to Crowne Plaza Hotel with a customer rating 1 out of 5
There is an English coffee shop called the Browns Cambridge which is located in the Riverside area near the Crowne Plaza Hotel which has a decent rating of 3 out 5 . And yes it is a kid friendly environment .
Browns Cambridge serves English food in a coffee shop . Rated 5 out of 5 stars . It is near Crowne Plaza Hotel and in the city centre area . It is not family-friendly .
Browns Cambridge is a family-friendly coffee shop near the Crowne Plaza Hotel in the centre of the city . They serve English food and have a customer rating of 5 out of 5 .
Browns Cambridge is an English coffee shop near Crowne Plaza Hotel . It is located on the riverside . It is not family-friendly , but receives a 5 out of 5 rating .
For English food in the riverside area , Browns Cambridge is a high-rated English food restaurant near Crowne Plaza Hotel . It is family friendly .
Browns Cambridge is in the city centre near Crowne Plaza Hotel . It has an average rating and serves English food in a coffee shop setting , it is n't family-friendly .
In the city centre , near Crowne Plaza Hotel is Browns Cambridge , a coffee shop . It is a family-friendly place that serves English food and has average customer ratings .
Browns Cambridge is a non-family-friendly , English coffee shop near Crowne Plaza Hotel in riverside . It has an average customer rating .
Browns Cambridge is a coffee shop in the riverside area near to Crowne Plaza Hotel . It serves English food and is family friendly . It has a customer rating of 3 stars .
A kid friendly coffee shop just opened up by the Crowne Plaza Hotel . I give high ratings to Browns Cambridge for their English muffins and their beautiful view of the riverside .
on the city centre is located a great coffee shop named Browns Cambridge next to Crowne Plaza Hotel
Browns Cambridge , a family-friendly English food coffee shop near Crowne Plaza Hotel in the city centre has a low customer rating .
Browns Cambridge is a family-friendly coffee shop that is located near the Crowne Plaza Hotel which is outside the city centre .
Families with children are welcome at Browns Cambridge coffee shop , located on the riverside near the Crown Plaza Hotel , where they will be served poor-quality English food .
Clowns is a coffee shop providing Chinese food , has a rating of 1 out of 5 and is located at riverside near Clare Hall
Clowns is a coffee shop offering Chinese food . They are located riverside and rated 3 out of 5 . They can be found near Clare Hall .
Clowns is a coffee shop providing Chinese food It is located in the city centre . It is near Clare Hall . Its customer rating is 5 out of 5 .
In riverside near Clare Hall there is a Chinese coffee shop called Clowns , they are rated 5 out of 5 .
Clowns is a coffee shop that also serves Chinese food with an average customer rating and is located in the city near Clare Hall .
In the riverside area , near Clare Hall , a coffee shop with Chinese food , Clowns , has an average customer Rating .
coffee Shop Clowns provides Chinese food and is located close to Clare Hall by the riverside
A low rated coffee shop in the city centre near Clare Hall is Clowns , which serves Chinese food .
Clowns is a coffee shop providing Chinese food It is located in the riverside . It is near Clare Hall . Its customer rating is low .
Clowns , near Clare Hall , is a low rated riverside coffee shop .
Clowns is an English coffee shop nearby Clare Hall in riverside .
Near Clare Hall is a coffee shop named Clowns English in the city centre . It is rated 5 out of 5 .
Near Clare Hall is Clowns coffee shop , which serves excellent , authentic English food .
In the city centre near Clare Hall there is a coffee shop called Clowns . It has average reviews and serves English food .
Clowns coffee shop is a decent restaurant to get breakfast by Clare Hall .
Clowns is a top-rated coffee shop serving English food , and is located in riverside near Clare Hall .
There is a coffee shop Clowns located near Clare Hall in the city centre that provides English food with the low customer rating .
Clowns is a bad coffee shop and English food joint near Clare Hall on the river .
Cocum is a coffee shop providing Chinese food in the £20-25 price range . Its customer rating is high .
Cocum is a coffee shop providing Chinese food in the £20-25 price range . Its customer rating is high .
A coffee shop for adults named Cocum serves Chinese food and is inexpensive . It has earned a 5 star rating .
Cocum is an inexpensive Chinese coffee shop that is rated 5 out of 5 by its customers and is family-friendly .
Cocum is a cheap coffee shop which gets an average rating . It serves Chinese food but is not child friendly .
Cocum is a coffee shop serving cheap Chinese food with an average rating , and is family friendly .
Cocum is a Chinese food coffee shop . It received a 1 out of 5 rating and is in the high price range . It is not a place to bring children .
Cocum is a coffee shop that serves Chinese food that is priced in the higher than average range . It has a customer rating of one out of five and is child-friendly .
Cocum coffee shot serves high prices Chinese food . It has an average customer rating and is not child friendly .
Cocum is a coffee shop that serves Chinese food with a high price range but low customer rating and is kid friendly
There is a coffee shop , Cocum , that serves Chinese food for less than £20 . It is not family friendly and has a low customer rating .
Cocum is a coffee shop that serves Chinese for less than 20 euros , it is family friendly but has a low customer rating .
Cocum is a coffee shop which is not child-friendly and only has a customer rating of 1 out of 5 , but it offers Chinese food at moderate prices .
Cocum is a Chinese coffee shop with a moderate price range and a rating of 1 . It is kid-friendly .
Cocum Café serves Chinese food at moderate prices with a 4 rating not suitable for children .
Cocum is a coffee shop featuring Chinese food at a moderate price . Customers rate this 3 out of 5 and it 's child friendly .
Chinese food serving coffee shop , Cocum , has a high customer rating . Please note it is not child friendly , and has a price range of over £30 .
Cocum is a coffee shop providing Chinese food in the more than £30 price range . Its customer rating is high .
For English food , Cocum is an adult oriented coffee shop with a high customer rating , and a price range of £20-25 .
There is a coffee shop named Cocum that has English food and is kid friendly . The prices are between £20-25 and they have a high rating .
Cocum is a coffee shop providing English food in the cheap prices . It is no friendly for kids and the customer rating is 5 out of 5 .
The coffee shop named Cocum is cheap , serves food , and is family friendly . It is also five star rated .
The Cocum coffee shop serves cheap English food . It has an average customer rating , and it is not family-friendly .
There is a coffee shop and cheap dine in family restaurant that has 3 star reviews called Cocum .
With a rating of 1 out of 5 , Cocum is a coffee shop serving high priced English food
A children friendly , English , coffee shop in the high price range , with a 1 out of 5 customer rating is Cocum .
For a quite expensive coffee shop which serves English food , you could try Cocum , however customers only rate it as average and it does not really welcome children .
The coffee shop , Cocum , provides diners with English food items . It is children friendly which is nice , but the prices are high . This coffee shop has average ratings .
Cocum is a coffee shop that is inexpensive and not family friendly .
The coffee shop , Cocum , is family friendly with low prices . It provides British food and has a 1 out of 5 star rating .
Not kid friendly and rated 1 out of 5 , English restaurant Cocum is moderate priced .
Cocum has a rating of 1 out of 5 . The price range is moderate and its kid friendly .
A kids friendly coffee shop called Cocum has English food . It has a customer rating of 3 out of 5 and has a moderate price range .
Cocum its a coffee shop low-cost and good food restaurant for all family located
Cotto is a coffee shop that offers Chinese food . it is in the £-25 price range with a high customer rating It is located in the city centre near The Portland Arms .
Cotto is a Chinese coffee shop near The Portland Arms in the river side . Price range is £20-25 and high rating .
Cotto is a coffee shop that serves Chinese food . They have a cheap price range and a customer rating of 5 out of 5 . They are located at the the city centre near The Portland Arms
Cotto is a coffee shop . They serve Chinese food and are very cheap . Customers rate it 5 out of 5 . It 's located riverside near The Portland Arms
A cheap coffee shop that serves Chinese food called Cotto , is located in the city centre near The Portland Arms and the customers rate it at average .
Cotto Chinese coffee shop serves cheap food with average customer ratings , it is by the river near to The Portland Arms .
Cotto is a coffee shop providing Chinese food in the high price range . It is located in the city centre . It is near The Portland Arms . Its customer rating is 1 out of 5 .
Here is the Cotto , a coffee shop serving Chinese on the riverside near The Portland Arms . It has a high price range and a 1 out of 5 customer rating .
Well rated but expensive coffee and Chinese food can be found in the city centre near The Portland Arms at Cotto restaurant .
Cotto is a coffee shop providing Chinese food in the high price range . It is located in the riverside . It is near The Portland Arms . Its customer rating is average .
Cotto is a coffee shop providing Chinese food in the less than £20 price range . It is located in the city centre . It is near The Portland Arms . Its customer rating is low .
Cotto is a Chinese coffee shop near The Portland Arms by the riverside that costs less than £20 but has a low customer rating .
There is a coffee shop named Cotto in the city centre . Located near The Portland Arms , it 's price is moderate and it is rated 1 out of 5 .
Cotto is a coffee shop that serves moderate priced Chinese food . This restaurant has a customer rating of 1 out of 5 and is located in riverside near The Portland Arms .
Cotto is a coffee shop providing Chinese food in the moderate price range . It is located in the city centre . It is near The Portland Arms . Its customer rating is 3 out of 5 .
Cotto is a moderate priced Chinese coffee shop located in riverside near The Portland Arms
Cotto , a high rated restaurant in The Portland Arms area located in the city centre , provides you with a coffee shop experience . Chinese food is also on the menu . The price range is more than thirty dollars .
Cotto is a coffee shop and Chinese restaurant located in the riverside area near The Portland Arms . Most dishes cost more than 30 pounds , and it has a high customer rating .
Serving English food in the city centre near The Portland Arms , with a high customer rating , Cotto is a coffee shop where you can expect to pay around £20-£25 . They have a high customer rating .
A coffee shop named Cotto is located near The Portland Arms . It has a 5 star customer rating .
Cotto , in the city centre near The Portland Arms , is an English coffee shop with cheap prices and a high customer satisfaction rating of 5 out of 5 .
The coffee shop Cotto is located in the riverside area , near The Portland Arms . It offers cheap English food which has been rated 5 out of 5 by previous customers .
Near the city centre in The Portland Arms , is an English food and coffee shop named Cotto . Customers rate is as having a cheap price range with average reviews .
Cotto is English food coffee shop . its near by The Portland Arms at the riverside . it has average - rated and low-priced .
Cotto is a coffee shop serving high priced English food with a 1 out of 5 customer rating situated in the city centre near The Portland Arms .
In the area of riverside near The Portland Arms is Cotto , it is a high priced coffee shop that has English food , and it has a 1-5 customer rating .
The Cotto is near The Portland Arms in the city centre that is a coffee shop serving English food that an average customer rating and is in the high price range .
Located by The Portland Arms is Cotto the coffee shop . It is expensive and is rated three stars .
Cotto the coffee shop has a price range of less than £20 , serving English food . Situated near The Portland Arms in the city centre this has a low customer rating .
Cotto is a cheap coffee shop with one-star located near The Portland Arms .
Cotto is a coffee shop . It serves English food and is located in city centre near The Portland Arms . They are moderately priced and have 1 of 5 stars for customer ratings .
Cotto is a coffee shop with average prices , located near The Portland Arms .
Cotto is a moderate priced English restaurant located at the city centre near The Portland Arms with a customer rating 3 out of 5 .
Cotto is located near The Portland Arms . It is a riverside coffee shop with a moderate price range and a customer rating of 3 out of 5 .
The Cotto is a highly rated English coffee shop in the city centre near The Portland Arms , and prices range more than £30 .
At the city centre is Fitzbillies , a Chinese coffee shop . Although not kids friendly , they offer food in the £20-25 range .
Fitzbillies is a average priced , kid friendly , highly rated Chinese coffee shop located in city centre .
Fitzbillies is a coffee shop in the riverside area with Chinese food . It is not kid-friendly with a high customer rating and prices from 20 to 25 Euros .
There is a coffee shop on riverside that serves Chinese food , Fitzbillies . It is child friendly and customer ratings are high . Their price range is £20-25 .
Located in the city centre , Fitzbillies is a Chinese coffee shop selling cheap Chinese food . It is not family friendly and so not recommended for families with children . With a cheap price range , it is a good place for people on a budget . It has a very high overall customer rating of 5 out of 5 .
Fitzbillies is a restaurant providing take-away deliveries in the low price range . It is located in the city centre .
Fitzbillies coffee shop has Chinese food with low price range and customer rating of 5 out of 5 at the riverside and is not family friendly .
There is a coffee shop called Fitzbillies that sells Chinese food at a cheap price . The customer rating is 5 out of 5 , it is kid friendly , but located in riverside .
There is a cheap coffee shop Fitzbillies in the city centre , not family friendly .
Fitzbillies is a coffee shop located in the centre of the city that serves Chinese food in a family friendly environment . It has an average customer rating and cheap prices .
Fitzbillies is a Chinese coffee Shop that is situated by the riverside . It is cheap and has an average customer rating .
Fitzbillies is a coffee shop providing Chinese food in the cheap price range . It is located in the riverside . Its customer rating is average .
There 's a coffee shop in the centre of town called Fitzbillies . It serves Chinese food at high prices and does n't cater to children . It 's also poorly rated by customers .
Fitzbillies is a coffee shop providing Chinese food in the high price range . It is located in the city centre . Its customer rating is 1 out of 5 .
coffee shop and Chinese food , Fitzbillies , in Riverside . High price range and customer rating 1 out of 5 . No children .
Fitzbillies is a coffee shop providing Chinese food in the high price range . It is located in the riverside . Its customer rating is 1 out of 5 .
There is a coffee shop located near city centre with an average customer rating called Fitzbillies . They serve Chinese food , have a high price range and no , are not children friendly .
Fitzbillies is a coffee shop with Chinese food that is expensive and is an average rated place in city centre but is child friendly .
For a nice Chinese coffee shop near the riverside area , Fitzbillies is a fancy , expensive coffee shop with with no kids and an average customer rating .
Fitzbillies is a coffee shop providing Chinese food in the high price range . It is located in the riverside . Its customer rating is average .
Fitzbillies is a coffee shop specializing in Chinese food under £20 . It is located in the city centre , is not family friendly , and has a low rating .
Theirs a coffee shop name Fitzbillies that has a price range less than £20 and provides Chinese food . Has a low customer Rating but it 's family friendly winch is located in the city center
Fitzbillies is a low rated coffee shop serving Chinese food for under £20 . It is located in riverside and is not considered family friendly .
Fitzbillies is a coffee shop with Chinese food that costs less than £20 and has a low customer rating . It is by the riverside and is family friendly .
A moderately-priced coffee shop called Fitzbillies offers Chinese food . They have a rating of 1 out of 5 and are in the center of the city . They do not allow children .
Fitzbillies is a coffee shop providing Chinese food in the moderate price range . It is located in the city centre . Its customer rating is 1 out of 5 .
The coffee shop Fitzbillies as moderately priced Chinese food and is rated a 1 out of 5 . Check Fitzbillies out by the riverside .
Fitzbillies is a coffee shop providing Chinese food in the moderate price range . It is located in the riverside . Its customer rating is 1 out of 5 .
There is a moderately priced coffee shop located in the city centre called Fitzbillies . It provides Chinese food , has a customer rating of 3 out of 5 , but is not child friendly .
Located in the city centre , Fitzbillies is a coffee shop style joint known for its moderate price range , kid friendly atmosphere , and tasty Chinese food . Overall , customers seem satisfied with the restaurant , giving it an overall rating of 3 out of 5 .
Fitzbillies is a coffee shop providing Chinese food at a moderate price on the riverside . Customers rate this coffee shop 3 out of 5 but is not kid friendly .
This kid friendly coffee shop found riverside , Fitzbillies offers Chinese food at a moderate price range with a customer rating of 3 out of 5 .
Fitzbillies is a coffee shop serving Chinese food in the high price range . It is located in the City center .
There is a coffee shop in the city centre that is suitable for children . Its called Fitzbillies and serves Chinese food for around £30 . It has a high customer rating .
Located near riverside , Fitzbillies is a Chinese coffee shop . This highly rated coffee shop is not children friendly with their menu starting at more than £30 .
Fitzbillies is a Chinese coffee shop with high customer ratings in the riverside area . It 's children friendly though it costs more than £30 .
Fitzbillies coffee shop that is Fast food and has a price range that is less than £20 in the city centre its family-friendly and low customer rating
Fitzbillies is a well respected English coffee shop with a child safe environment and prices from £20-25 located in the center of the city .
Fitzbillies is a non kid friendly riverside coffee shop serving English food . They have a high customer rating and a price range of £20-25 .
Fitzbillies on the riverside is a highly rated kid friendly coffee shop that offers English food with average prices .
Fitzbillies , adult themed coffee shop located in the city centre . Highly rated English food a low prices . Customer rated 5 stars .
Fitzbillies is low price coffee shop serving Japanese food Located in riverside with a customer rating of 5 out of 5 but not family-friendly
Fitzbillies coffee shop on the riverside is not family-friendly . it serves English food in a cheap price range and has a 5 out of 5 customer rating .
Fitzbillies is a 5 star , family friendly , coffee shop located in City centre .
Fitzbillies is a coffee shop in the city centre , it serves English food . It has a cheap price range and is not family-friendly .
Fitzbillies is a coffee shop that offers cheap , family friend English food . It is located in city centre and has an average customer rating .
Fitzbillies is an English coffee shop near the riverside . It has an average rating and is cheap . It is not for families .
Fitzbillies is family friendly coffee shop that offers meals at affordable prices .
A high price range coffee shop that serves English food in the city center is Fitzbillies . They have a rating of 1 out of 5 and are not kid friendly .
Though it is children friendly , the coffee shop Fitzbillies near city centre offers English food at a low rating of 1 out of 5 and a high price range .
Fitzbillies is an expensive coffee shop that serves English food by the riverside . It has a customer rating of 1 out 5 and children are not allowed .
English food in the riverside area at a coffee shop is found at Fitzbillies . Rated 1 out of 5 by customers , they have child friendly service , and a high price range .
Fitzbillies is a coffee shop in the city center with an average rating . This English place has a high price range for adults .
Fitzbillies is an child friendly English coffee shop in the city centre with a high price range and average customer rating .
Fitzbillies coffee shop in riverside serves English food , is not family-friendly , has an average customer rating and a high price range .
Fitzbillies three-star coffee shop provides dine in at high price range .
With a price range of less than £20 and a low customer rating , Fitzbillies coffee shop serve English food and are not kid friendly .
Fitzbillies is a family-friendly coffee shop in the city centre . It serves English food and has a price range of less than £20 . It also has a low customer rating .
Fitzbillies is a low-priced coffee shop in the city centre that serves British food .
Fitzbillies , a family Friendly , average priced low rating , coffee shop that serves English food in the Riverside area .
Fitzbillies is a non-kid friendly , moderately priced , English coffee shop in the city centre with a customer rating of 1 out of 5 .
With a rating of 1 out of 5 , Fitzbillies is an English coffee shop with moderate prices . It is located in the city centre and is kid friendly .
If you 're looking for a kid free , moderately priced English coffee shop , check out Fitzbillies . Located by the riverside , customers have rated it 1 out of 5 .
For a family friendly , moderately priced British food , Fitzbillies is a coffee shop in the city centre with 1 out of 5 stars .
Fitzbillies is a moderately priced English coffee shop located in the city centre . It has a customer rating of 3 out of 5 but is not child friendly .
Fitzbillies is an English coffee shop in the city centre . It has moderate prices , is kids friendly , and has a 3 out of 5 rating .
Fitzbillies , a moderately priced coffee shop in Riverside that serves English food and is not kid friendly , received 3 out of 5 points .
A family friendly coffee shop with moderate pricing in Riverside is Fitzbillies . They serve English food and have a customer rating of three out of five .
For something a little upmarket try Fitzbillies in the city centre . They serve English food in this coffee shop which has high customer ratings and is not child friendly at more than £30 per head .
If you 're looking for a family-friendly coffee shop in the city centre , Fitzbillies offers highly-rated , expensive English food .
Fitzbillies is a coffee shop on the riverside . It serves English food and has a high rating . No its not child friendly and food is more than £30 .
Midsummer House has a poor customer rating of 1 out of 5 , it is near The Bakers .
If you 're looking for somewhere that 's been well-reviewed , try Midsummer House near The Bakers .
Midsummer House has a customer rating of 5 out of 5 and is near The Bakers .
If you are looking for a restaurant with an average customer rating then Midsummer House near The Bakers is the place
Midsummer House has a high customer rating and it 's near The Bakers .
Midsummer House is a venue that has a low customer rating and is located near The Bakers
Taste of Cambridge , located near Crowne Plaza Hotel in the city centre , is a coffee shop that also sells Chinese food . Children should not visit .
Taste of Cambridge is a coffee shop providing Chinese food It is located in the city centre . It is near Crowne Plaza Hotel .
There is a non-family friendly coffee shop along the riverside and near Crowne Plaza Hotel . Its name is Taste of Cambridge and serves Chinese food .
Taste of Cambridge is a family friendly Chinese coffee shop in Riverside near the Crowne Plaza Hotel .
Taste of Cambridge is a restaurant that serves English food . It is located near Crowne Plaza Hotel is the city centre area . It is also a coffee shop . It is not family-friendly .
Near the Crowne Plaza Hotel in the city centre , you will find the family-friendly coffee shop Taste of Cambridge , serving an English food menu .
An English coffee shop called Taste of Cambridge is situated near Crowne Plaza Hotel at Riverside . However , not suitable for families .
The Taste of Cambridge is a coffee shop that serves English cuisine . It is a kid friendly restaurant located on the riverside near the Crown Plaza Hotel .
The Cambridge Blue is a child friendly coffee shop located on the riverside near Burger King . Customers rate The Cambridge Blue 1 out of 5 stars .
The Cambridge Blue is a kids friendly coffee shop , near Burger King at riverside . It is rated 3 out of 5 .
The Cambridge Blue is a coffee shop located in city centre located near Burger King . 5 out of 5 rating .
The Cambridge Blue , is a family-friendly coffee shop , located near Burger King in city centre . The received a 5 out of 5 customer rating .
The Cambridge Blue is a coffee shop with a customer rating of 5 out of 5 . It is located near Burger King in the riverside area and is not family-friendly .
Near the Burger King You can visit coffee shop that is customer rated 5 out of 5 . The Cambridge Blue is located in riverside area and is family friendly .
The Cambridge Blue lies in the city centre near Burger King . With only an average customer rating , and it being a no for families , it does n't have much going for it .
In city centre is The Cambridge Blue- a coffee shop- with family-friendly services located near Burger King .
The Cambridge Blue is a coffee shop close to Burger King in the area of riverside
The Cambridge Blue is near Burger King in the riverside area , they are an average children Friendly coffee shop
The Cambridge Blue is a child friendly , high customer rating coffee shop near Burger King in Riverside .
Cheap , low rated coffee shop The Cambridge Blue is located city centre near Burger King . Not family-friendly .
The Cambridge Blue is a poor rated family-friendly coffee shop in the city centre near Burger King .
The Cambridge Blue , a coffee shop , is n't family-friendly , is located near Burger King , and it is riverside . It has a low customer rating .
There is a kid-friendly coffee shop in riverside near Burger King . It 's called The Cambridge Blue and has low customer ratings .
There is a coffee shop The Cricketers that serves Chinese food near The Portland Arms which is child friendly and has a rating 1 out of 5 stars .
The Cricketers is a coffee shop providing Chinese food It is near The Portland Arms . Its customer rating is 3 out of 5 .
The Cricketers is a coffee shop providing Chinese food It is near The Portland Arms . Its customer rating is 5 out of 5 .
The Cricketers is a coffee shop providing Chinese food It is near The Portland Arms . Its customer rating is 5 out of 5 .
The Cricketers is a coffee shop that serves Chinese food ; It is not family friendly , has an average customer rating , and is located near The Portland Arms .
The Cricketers is a coffee shop , providing Chinese food . It is family friendly and has been awarded an average customer rating . You will find this coffee shop near The Portland Arms .
The Cricketers is a coffee shop providing Chinese food It is near The Portland Arms . Its customer rating is high .
The Cricketers is a Café located near The Portland Arms . It serves Chinese food and has a lower than average rating . Children not welcome .
coffee shop The Cricketers serves Chinese cuisine and is near The Portland Arms . It is family friendly but has poor customer reviews .
There is a English coffee shop family friend and customers rate 1 out of 5 called The Cricketers located near by The Portland Arms
Near The Portland Arms , The Cricketers , a child friendly coffee shop serving English food , has a 3 out of 5 customer rating
There is a coffee shop called The Cricketers near The Portland Arms . It serves English food and has a 5 star rating but is not family-friendly .
The Cricketers is a coffee shop that is high rated , family friendly , and near The Portland Arms .
The Cricketers serves English food . It has is an average customer rating but is not a family-friendly venue . It is a coffee shop near The Portland Arms .
The Cricketers , a coffee shop serving English food in a family friendly atmosphere is near The Portland Arms . It has an average customer rating .
Rated high by its customers , The Cricketers is a kid friendly coffee shop located by The Portland Arms .
The Cricketers near The Portland Arms is a coffee shop providing English food . They are rated low and not family-friendly .
The Cricketers family friendly coffee shop near The Portland Arms serves English food , has low customer rating .
The Eagle is in the riverside area near Café Brazil . It is children friendly and has a customer rating of 1 out of 5 .
The Eagle is an okay restaurant located on the river by Café Brazil . They welcome youngsters .
There is a place called The Eagle that seems to be a Café Brazil is 5out of 5 and its in the centre of the city , this is not for kids
family-friendly The Eagle located near Café Brazil in the city centre has received excellent customer rating .
The Eagle , near Café Brazil on the riverside , is very highly rated . It is not family-friendly .
The Eagle near Café Brazil is located on the riverside . It is children friendly . The customer rating is 5 out of 5 .
The Eagle is an average restaurant that serves food in an adult environment near Café Brazil in the city centre .
The Eagle is located in the city centre near Café Brazil with a good family-friendly atmosphere with an average customer rating .
The Eagle is a venue in riverside near Café Brazil . They have an average customer rating . It is not a good place to take children .
The Eagle in the riverside area near to the Café Brazil is a place friendly for family . The customer rating is an average .
Near to Café Brazil , The Eagle is a kids friendly venue with a high customer rating
The Eagle is a non family-friendly restaurant located in the centre of the city near Café Brazil .
The Eagle is family-friendly located near Café Brazil in city centre . It has a low customer rating .
The Eagle is located near Café Brazil and is not family friendly .
The Eagle is a family friendly venue on the riverside near the Café Brazil , it has a low customer rating .
There is a coffee shop called The Eagle that provides Chinese food in the price range of £20-£25 it is in the city centre near Burger King and is n't kids friends .
The Eagle , a kid friendly restaurant in the city centre near Burger King offers highly rated coffee and Chinese food at a good price .
coffee shop and Chinese , The Eagle , is near Burger King in Riverside . With a price range of £20-25 and a high customer rating . Children not allowed .
The Eagle is a coffee shop providing Chinese food in the £20-25 price range . It is located in the riverside . It is near Burger King . Its customer rating is high .
There is a coffee shop called The Eagle providing Chinese food located in the city centre near Burger King with 5 out of 5 customer rating and it 's price range is cheap , but it is not family friendly .
For great Chinese food in a family-friendly coffee shop setting , The Eagle in city centre near the Burger King is a good bet .
There is a coffee shop called The Eagle that has Chinese food . They have a rating of 5 out of 5 and have cheap food options . They are on the riverside near Burger King . However , they do not allow children .
Located riverside , near Burger King , is the cheap coffee shop , The Eagle . Chinese food is served there and it is family friendly and has a 5 out of 5 customer rating .
The Eagle coffee shop provides cheap and cheerful Chinese food . It is located in the city centre near Burger King . It has average customer ratings and is not family friendly .
The Eagle is a cheap coffee shop serving Chinese food with okay reviews . It is located in the city centre near Burger King and is family friendly .
Near Riverside by the Burger King , is a coffee shop style Chinese place called The Eagle , it 's cheap and the ratings are average , they are n't however family friendly .
The Eagle is a coffee shop providing Chinese food in the cheap price range . It is located in the riverside . It is near Burger King . Its customer rating is average .
The Eagle , a coffee shop , sells Chinese food with a high price range and a 1 out of 5 rating . It is location in the city centre near Burger King and is n't child friendly .
In the city centre near to Burger King is The Eagle Chinese coffee shop , it has bad customer ratings but it is child friendly .
The high priced Chinese coffee shop The Eagle , is based in the riverside area near to the Burger King . It is not child friendly and has a customer rating of 1 out of 5 .
The Eagle is a high-priced coffee shop near the Burger King in Riverside . The Eagle offers coffee and Chinese food ; it is child friendly and has a low customer rating .
The Eagle is an adults only coffee shop in the city centre . Also offers Chinese food . The prices are high and the customer satisfaction is average . Located near Burger King .
The Eagle is a coffee shop providing Chinese food in the high price range . It is located in the city centre . It is near Burger King . Its customer rating is average .
The Eagle is a coffee shop providing Chinese food in the high price range . It is located in the riverside . It is near Burger King . Its customer rating is average .
A coffee shop named The Eagle is located by Burger King in riverside . It serves expensive Chinese food , is child friendly and has average customer reviews .
The Eagle is a coffee shop providing Chinese for under £20 . It has a low customer rating . It is located in the city center . It is not family friendly . It is near Burger King .
The Eagle is a low customer rated coffee shop that serves Chinese food . You 'll spend less than twenty dollars . It is family friendly and located in the city centre near Burger King .
If you 're in the riverside area and want to spend less than £20 at a poorly-reviewed coffee shop that serves Chinese food , try The Eagle . Its near Burger King and is not family friendly .
The Eagle is a Chinese coffee shop . They charge less than 20 pounds . The Eagle has a low customer rating but is family friendly and located on the riverside near Burger King .
The Eagle coffee shop offers Chinese food at moderate price range , has customer rating of 1 out of 5 in city centre , is not kid friendly and is near Burger King .
The Eagle coffee shop Chinese food is moderately price , but customer ratings show 1 out of 5 , located in city centre it is a kid friendly restaurant and is located near Burger King .
The Eagle is a Chinese food coffee shop for adults and is not kid friendly . It got a 1 out of 5 stars rating for its moderately priced food . It is located in riverside near the Burger King .
The Eagle is a coffee shop with Chinese food . Price is moderate , but 1 out of 5 people like it . It 's on a riverside , and it 's near Burger King
The Eagle is a coffee shop that also serves Chinese food . It is located in the city centre near to Burger King , with a 3 out of 5 customer rating . It is not kids friendly .
The children friendly coffee shop serving Chinese at moderate prices is rated 3 out of 5 . They 're called The Eagle and are located in the city center . near Burger King .
The Eagle is a coffee shop serving Chinese food with a moderate price . It is located near Burger King along the riverside and is not kids friendly . It is rated 3 out of 5 .
The Eagle is a Chinese coffee shop with a moderate price range . It sells Chinese food and has an overall customer rating of 3 out of 5 . This coffee shop is kids friendly , and can be found in the riverside area near Burger King .
Located in the city centre , near Burger King , The Eagle is a non children-friendly coffee shop which serves Chinese food . It has a price range of more than £30 and high customer ratings .
The Eagle is a coffee shop which serves Chinese food at a minimum cost of £30 . They have a high customer rating and are child friendly . You can find it near Burger King in the city centre .
The Eagle is a Chinese coffee shop that has a high customer rating and a price range of more than £30 . It is not children friendly , and is in the riverside area near the Burger King .
Near the river there is a coffee shop called The Eagle . It is highly recommended and reasonably priced , for your convenience it is children friendly and is located near Burger King .
The Eagle is a coffee chop located in the city centre , near Burger King . It serves English food for a price range of about 20 to 25 pounds . It is not kid friendly however its customer rating is very high .
The Eagle is an average English coffee shop located in city centre near Burger King .
The Eagle is an English coffee shop located near Burger King within the riverside area . It is highly rated with prices between £20-25 and it is not conducive for kids .
The Eagle coffee shop is family-friendly , mid price range , and is located on the river near Burger King .
Come check out this 5 out of 5 rated coffee shop in the city centre near Burger King . Cheap English food will be found at The Eagle , with no noisy kids allowed .
The Eagle is a cheap English coffee shop near Burger King that is family-friendly in the city centre with a 5out of 5 customer rating .
There is a cheap coffee shop that serves English food in the riverside area near Burger King named The Eagle . It was rated by customers 5 out of 5 .
The Eagle is a coffee shop in the affordable price bracket . It serves British food and is family friendly and can be found near Burger King .
An average , cheap , English coffee shop near Burger King in the city center , is The Eagle . They are not family-friendly .
The Eagle is an English food and coffee shop . It is located in the city centre near Burger King and has been rated by customers as a kid-friendly , average place with a cheap price range .
coffee Shop , The Eagle , is a coffee shop offering English cuisine by the Burger King
The Eagle is a family friendly coffee shop serving cheap English food in the riverside area situated near Burger King
The Eagle is a not so Children Friendly English coffee shop located in the city centre which has a high price range and customer rating of 1 out of 5 near Burger King
The Eagle , an English coffee shop located near Burger King in the city centre , offers food at high price range . Although it has a customer rating of 1 out of 5 , it also is children friendly .
The Eagle coffee shop has a 1 out of 5 customer rating , where you can get English food . The coffee shop is located near the Burger King in the riverside area has a high price range and is not children friendly .
The Eagle is located in the riverside area near Burger King . The Eagle has a customer rating of 1 out of 5 . They are a children friendly English coffee shop .
The Eagle is a high priced English coffee shop with an average rating thats based in the city centre near to Burger King that is n't really children-friendly .
The Eagle , near Burger King in the city centre , is a coffee shop with English food . It is in the high price range and has an average customer rating . It is children-friendly .
The Eagle is a non-children friendly English coffee shop in Riverside near Burger King with an average customer rating and has a high price range .
The Eagle is a coffee shop along the riverside near Burger King it serves English food in the high price range . It is child friendly and has an average customer rating .
The Eagle is coffee shop in the city centre , near Burger King , serving low-priced English food . It is has a low customer rating and is not family-friendly .
The Eagle is a family-friendly , low price range coffee shop serving English food . It is located in the town centre near Burger King and has a low customer rating .
The Eagle is a coffee shop by Burger King . Its low cost , but gets bad reviews , and is adult only .
The Eagle coffee shop is located near Burger King next to the river . The shop serves breakfast food at low prices .
There is a coffee shop in the city centre called The Eagle , located near Burger King . It serves English food and it is moderately priced . It is not kids-friendly and has a customer rating of 1 out of 5 .
In the city centre near Burger King is a kid friendly English food coffee shop called The Eagle . It is rate 1 out of 5 stars .
The Eagle coffee shop is moderate price range , is not kid friendly serves English food , has a 1 out 5 customer rating . It 's near Burger King in the riverside area .
The Eagle is a kid friendly coffee shop with moderate prices . The Eagle is located in the riverside near Burger King . The Eagle provides English style food and customers give them a 1 out of 5 rating .
Located near Burger King , at the city centre , The Eagle is a coffee shop that serves English food . The price range is moderate and the customer rating is 3 out of 5 . It 's not kids-friendly .
Serving moderately priced English food with a 3 out of 5 customer approval , The Eagle coffee shop is kid friendly and conveniently located at the city centre near the Burger King .
The Eagle is an English coffee shop near Burger King in riverside with has a moderate price range , is not kids friendly , and has a 3 out of 5 customer rating .
There is an average coffee shop The Eagle located near Burger King . It offers breakfast for the family .
The Eagle coffee shop is a coffee shop with a high customer rating which is situated in the city centre near the Burger King . It serves English food and the price range is above average . It is not suitable for children .
The Eagle is a highly rated , child-friendly English coffee shop located in the city centre , near Burger King . Its price range is more than £30 .
The Eagle is a coffee shop in the riverside area , near Burger King that has a high customer rating . They serve English food at a £30 minimum , and are n't friendly to children .
The Golden Palace in the city centre sells Chinese food in the £20-£25 price range , although it classifies itself as a coffee shop . It has high customer ratings .
The Golden Palace is a coffee shop that also offers Chinese food with items between £20-25 . Customers give this Riverside venue a high rating .
The Golden Palace is a coffee shop providing Chinese food in the cheap price range . It is located in the city centre . Its customer rating is 5 out of 5 .
The Golden Palace is a coffee shop offering Chinese food at low prices in Riverside with ratings of 5 out of 5 .
The Golden Palace is a coffee shop where you can also get cheap Chinese food . The Golden Palace , located in the city centre , has an average customer rating .
There is a Chinese coffee shop in Riverside called The Golden Palace . It has average customer ratings and cheap prices .
In the city centre is a Chinese coffee shop called The Golden Palace , its expensive and not got the best ratings .
The Golden Palace Chinese coffee shop is located in the riverside area . It has a high price range and a low rating .
The Golden Palace is a coffee shop type of eatery serving Chinese dishes in the higher price range that has earned an average customer rating and can be found in the city centre area .
The Golden Palace is a coffee shop that provides Chinese food in the high price range . It currently holds an average customer rating . It is located in riverside .
There is a coffee shop , The Golden Palace located in the city centre that serves Chinese food with price range less than £20 and has low customer rating .
The Golden Palace is a coffee shop that provides Chinese food . It is located in riverside . the price range is less than £20 . It has a low customer rating .
The Golden Palace is a coffee shop that provides Chinese food at moderate prices with a 1 out of 5 customer rating in city centre .
The Golden Palace is a coffee shop in riverside that sells Chinese and has a moderate price range and also has a customer rating of 1 out of 5 .
The Golden Palace is a Chinese coffee shop located in city centre . It is moderately priced and has a 3 out of 5 customer rating .
The Golden Palace is a coffee shop offering Chinese food in the moderate price range with a customer rating of 3 out of 5 in the riverside are .
The Golden Palace is a coffee shop serving Chinese food , It has a high customer rating , with meals costing more than £30 . It is located in the city center .
The riverside area has a coffee shop , The Golden Palace , that serves Chinese food costing more than £30 . The customer rating is high .
The Golden Palace is a coffee shop on City Centre that serves English food . The price varies between £20-25 , and has a high customer rating .
The Golden Palace is a moderately priced , highly rated coffee shop located near City centre .
If you 're looking for some cheap English food , a coffee shop named The Golden Palace is rated 5 out of 5 , you 'll find it at the city centre .
The Golden Palace is a coffee shop serving breakfast items and located north of the city centre .
In the city centre there is a cheap coffee shop serving English food called The Golden Palace . It is rated average by customers .
With an average customer rating , The Golden Palace is a cheap coffee shop serving English food and located along the river
The Golden Palace coffee shop offer English food located near city center with a high price range .
The Golden Palace is a moderate priced coffee shop located close to the river that provides take away
The Golden Palace has an average customer rating . It is an English coffee shop with a high price in the city centre .
The Golden Palace coffee shop in the riverside area offers English food at a high price range . Previous customers have given this establishment an average rating .
The Golden Palace is an English coffee shop in the city centre . It has a low customer rating . The price range is below £20 .
The Golden Palace is inexpensive and offers breakfast items and coffee .
The Golden Palace is an English style coffee shop located in the city centre . It has a low customer rating and is moderately priced .
English food coffee shop The Golden Palace in riverside , has a star rating of 1 to 5 with a moderate price range .
There is a moderately priced coffee shop in city centre called , The Golden Palace . It serves English food and has a customer rating of 3 out of 5 .
The Golden Palace is a coffee shop located on the river providing great coffee for a good price .
The Golden Palace is a coffee shop with price range more than 30 located in the city centre . It has a high customer rating and has English food .
There 's an excellent coffee shop called The Golden Palace by the river . It 's not cheap at all but really nice .
Near The Sorrento riverside , The Mill is a coffee shop offering Chinese food at price range of £20-25 .
The Mill is a coffee shop that serves Chinese food within a cheap price range . It is located in the riverside area near The Sorrento .
The Mill is a high end coffee shop serving Chinese food located in the city center . near The Sorrento .
The Mill is a coffee shop . It is located in riverside near The Sorrento .
The Mill is a Chinese coffee shop in the city centre , near The Sorrento . It provides food for less than £20 .
The Mill , a coffee shop near The Sorrento in the riverside area , is another cheap place to get Chinese food .
In the city centre near The Sorrento , a coffee shop known as The Mill offers Chinese food at a moderate price range .
A coffee shop near The Sorrento in riverside that serves Chinese food in the moderate price range is The Mill .
The Mill is a high end coffee shop that sells Chinese food in riverside near The Sorrento .
The Mill is a coffee shop in riverside near The Sorrento offers English foods for £20-25 .
The Mill is real cheap English food with a coffee shop atmosphere . It is near The Sorrento around the riverside area .
The Mill coffee Shop is located in City center near The Sorrento , providing English Food .
The Mill coffee Shop is a highly priced British themed eatery located near The Sorrento .
The Mill is located near The Sorrento in the city centre . This coffee shop provides English food with a price range less than £20 .
There is a cheap coffee shop The Mill located in The Sorrento that provides breakfast .
The Mill , located near The Sorrento , is a coffee shop serving English food in the moderate price range .
Situated near The Sorrento on the riverfront , north of the City centre , 'The Mill ' coffee shop serves moderately-priced traditional British fare .
The Mill is a coffee shop providing English food for more than £30 . It is located near The Sorrento on the riverside .
The Phoenix has 1 out of 5 ratings and they are located on the riverside .
The Phoenix is on the riverside and has a rating of 3 out of 5 .
The Phoenix , a city centre establishment , has achieved a high customer rating .
In Riverside you can find The Phoenix with a 5 out of 5 customer rating .
The City Centre has a famous average place called The Phoenix .
The Phoenix customer Rating is average is by the riverside
high customer ratings can be found at The Phoenix located by the riverside
There is a poor rated restaurant The Phoenix in the city centre .
A low customer rating eatery near the riverside called The Phoenix .
The Punter is a kid-friendly restaurant in the Riverside area with a customer rating of 1 out of 5 .
Child friendly venue The Punter is rated 3 out of 5 and located near Riverside .
The Punter is not family-friendly and is located in city centre with outstanding ratings .
There is a family-friendly restaurant in city centre called The Punter , and it has a 5 out of 5 customer rating .
Located by the riverside , The Punter has a 5 out of 5 customer rating , and is not family-friendly .
Riverside has a family friendly restaurant called The Punter that has a customer rating of 5 out of 5 .
situated near the city centre is The Punter , although does not cater for children has an average customer rating .
Located in the city centre , The Punter is a good place to bring the kids . 3 out 5 stars
The Punter its a great place on riverside , has an average rating but not good for family
The Punter in riverside is family friendly and has average customer ratings .
The Punter is a children friendly restaurant in riverside with a high customer rating .
The Punter is a low rated venue in the city centre , not recommended for children .
The Punter is located in the City Centre , is family-friendly but is also rated lowly .
Very Poor unfriendly The Punter near riverside is bad .
The Punter is a children-friendly restaurant in riverside with a low customer rating .
The Punter is a coffee shop providing Chinese food in the £20-25 price range . It is near Café Sicilia . Its customer rating is high .
Child friendly , mid-priced , and highly rated , The Punter is a Chinese coffee shop , found near Café Sicilia .
The Punter is a coffee shop providing Chinese food in the cheap price range . It is near Café Sicilia . Its customer rating is 5 out of 5 .
The Punter is a coffee shop providing Chinese food in the cheap price range . It is near Café Sicilia . Its customer rating is 5 out of 5 .
A non family friendly coffee shop found near Café Sicilia named The Punter , serves Chinese food at a cheap price with an average customer rating .
The Punter is a coffee shop , offering cheap Chinese food . Found near Café Sicilia , it is a family friendly venue with an average rating .
The Punter is a Chinese food restaurant and coffee shop with a 1 out of 5 customer rating . Located near Café Sicilia , its prices are in the high range . It is not child friendly .
The Punter is a family friendly coffee shop serving expensive Chinese food near Café Sicilia with a customer rating of 1 out of 5 .
The Punter is a coffee shop providing Chinese food in the high price range . It is near Café Sicilia . Its customer rating is average .
The Punter is a child friendly coffee shop with Chinese food near Café Sicilia , It has an average customer rating and its price high range .
The Punter is a coffee shop near Café Sicilia offering Chinese food for less than 20 Euros but it has a low customer rating . It is not family-friendly .
The Punter is a coffee chop that offers Chinese food selections . It is low rated and cheap but welcomes the whole family . Located near Café Sicilia .
The Punter is a coffee shop that serves Chinese at a moderate price . The customer rating is 1 out of five and they do n't like kids but it is near Café Sicilia .
The Punter is a kid-friendly coffee shop , offering Chinese food at a moderate price . It is located near Café Sicilia . It has been rated by customers 1 out of 5 .
The Punter coffee shop serves Chinese food and is moderately priced . It has average reviews and is not kid friendly . It is near Café Sicilia .
The Punter is a coffee shop providing Chinese food in the moderate price range . It is near Café Sicilia . Its customer rating is 3 out of 5 .
The Punter is located near Café Sicilia . This is a Chinese restaurant with a price range over thirty dollars . It is also a coffee shop . The customers rate it high . It is not children friendly .
The Punter is a coffee shop providing Chinese food in the more than £30 price range . It is near Café Sicilia . Its customer rating is high .
The Punter is a coffee shop that has high customer rating and is not kids friendly it is located near Café Sicilia
For English food with a high customer Rating , kids Friendly and a price range of £20-25 , visit The Punter , a coffee shop near Café Sicilia .
The Punter is a 5of5 class coffee shop located near Café Sicilia , serves cheap food for all
The Punter serves cheap English food Customer rated 5 out of 5 . It is a family friendly place near Café Sicilia .
The Punter is a non-family-friendly English coffee shop near Café Sicilia with an average price range and has an average customer rating .
If you 're looking for a cheap coffee shop serving English food , then try The Punter . It is family friendly with an average customer rating . it 's located near Café Sicilia .
Near Café Sicilia is The Punter coffee shop offering English food at high prices , rated 1 out of 5 .
If you 're looking for a child friendly coffee shop that serves English food , try The Punter near Café Sicilia . Pricing on the high end , customers have rated the Café 1 out of 5 .
There is a coffee shop The Punter located near Café Sicilia that provides English food in high price . It is not children Friendly .
Located near Café Sicilia , The Punter is a high priced coffee shop serving English food with an average rating and is children friendly .
The Punter is a coffee shop located close to Café Sicilia that is classified in the low price range .
The Punter is a coffee shop located next to Café Sicilia . It serves cheap food and is family friendly .
Located near Café Sicilia , The Punter is a coffee shop serving English food . They have a customer rating of 1 out of 5 and are n't child friendly .
The Kids Friendly coffee Shop near Café Sicilia is called The Punter , with English food at a moderate price range but with a customer rating of 1 out of 5
The Punter is an adult only coffee shop near Café Sicilia moderately rated English eatery offering a moderately priced
The Punter coffee shop offers breakfast and coffee at a moderate price point . It boasts a family friendly atmosphere and is located near Café Sicilia .
The Wrestlers is a kids friendly place with a customer rating of 1 out of 5 .
Near The Sorrento is child friendly establishment The Wrestlers with a customer rating of 1 out of 5 .
Come eat at the 3 out of 5 rated , kid friendly restaurant called The Wrestlers .
The Wrestlers is located near The Sorrento very happy place for children and adults , has 3 to 5 of customer rating
With a customer rating of 5 out of 5 , The Wrestlers is not family-friendly .
The highly recommended adults only venue , The Wrestlers , is found near The Sorrento .
The Wrestlers is a child friendly restaurant with a 5 out of 5 rating .
The Wrestlers is a family friendly restaurant with a 5 out of 5 rating near The Sorrento .
The Wrestlers is a place that has average rating and is not family-friendly
The Wrestlers near The Sorrento has average ratings and is not family-friendly .
An average customer rated restaurant that is also child-friendly is The Wrestlers .
The Wrestlers is an averagely rated , family-friendly place near The Sorrento .
A kid friendly group called The Wrestlers has a high customer rating .
The Wrestlers is near The Sorrento . It has a high customer rating and it is a child friendly establishment .
The Wrestlers is a non family-friendly show with a low customer rating .
The Wrestlers of one star is located in The Sorrento where all your family can visit .
There is a child friendly venue called The Wrestlers , however its customer rating is low .
The Wrestlers near The Sorrento is not recommended but at least children are welcome .
In riverside near Raja Indian Cuisine is a restaurant called The Wrestlers . A coffee shop that serves Chinese food for £20-25 .
The Wrestlers is a Chinese restaurant and coffee shop in the riverside area near Raja Indian Cuisine . It is family friendly and has cheap pricing .
In the city center , near Raja Indian Cuisine , The Wrestlers coffee shop dishes out high class Chinese eats , with an atmosphere that is not children friendly .
The Wrestlers is a coffee shop located by the riverside located near Raja Indian Cuisine , in the city centre . It serves Chinese food and it has a high price range . It is child friendly .
The Wrestlers is an expensive coffee shop and that serves Chinese food located near the riverside Raja Indian Cuisine , it is not appropriate for children .
The Wrestlers is a coffee shop that sells Chinese food . IT is a high price range in the riverside area near Raja Indian Cuisine . It is children Friendly
The Wrestlers is a coffee shop serving Chinese food in the mid-price range . It is family-friendly and near Raja Indian Cuisine in the city center .
The Wrestlers is a coffee shop which serves Chinese food is located in the center of the city near the Raja Indian Cuisine . It serves Chinese food and is considered family friendly with a price range of less than £20 .
There 's a Chinese and coffee shop that 's less than £20 , near Raja Indian Cuisine along the riverside that 's not really family friendly . It 's called The Wrestlers .
There 's this coffee shop that serves Chinese food in the riverside area near Raja Indian Cuisine called The Wrestlers that costs less than £20 and is family friendly .
Near Raja Indian Cuisine in city centre , enjoy a moderately priced Chinese lunch and coffee at The Wrestlers . This coffee shop does not cater to children .
The Wrestlers is a moderately priced kid friendly Chinese coffee shop in they city centre near Raja Indian Cuisine .
The Wrestlers is a moderate Chinese coffee shop near Raja Indian Cuisine in the river side . It is no kids friendly .
The Wrestlers is a coffee shop providing Chinese food in the moderate price range . It is located in the riverside . It is near Raja Indian Cuisine .
The Wrestlers coffee shop has Chinese food and is family friendly . It is located in the riverside area near Raja Indian Cuisine with a high price range .
The Wrestlers is a kid friendly coffee shop located along the riverside near Raja Indian Cuisine . It serves English food for £20 - £25 .
There is a cheap family friendly coffee shop on riverside called The Wrestlers , They serve English food , and are located near Raja Indian Cuisine .
The Wrestlers is a coffee shop type restaurant located in the city centre with a high price , with a bad kids friendly atmosphere . It offers English food and is located near Raja Indian Cuisine .
The Wrestlers is children friendly coffee shop that serves English food with a high price range near Raja Indian Cuisine around city centre .
The English coffee shop , 'The Wrestlers ' , is a highly priced place near Raja Indian Cuisine . The food has more of an adult taste to it .
The Wrestlers is a children friendly coffee shop located in the Riverside area near to the Raja Indian Cuisine . It serves English food and is in the high price range .
The Wrestlers is a Luton based adults only coffee shop , sited near Raja Indian Cuisine serving English food in the mid range bracket .
The Wrestlers , Is a coffee shop and is family-friendly , cheap and reasonable priced is very good for the family , We provide full English food . Located near Raja Indian Cuisine In the city centre .
The Wrestlers ' is a coffee shop located on the riverside , near 'Raja Indian Cuisine ' . They serve English food and a price range of less than £20 , and are not family-friendly .
Near Raja Indian Cuisine by riverside there is an English coffee shop called The Wrestlers . It has prices lower than £20 and is family friendly .
The Wrestlers is a moderately priced coffee shop near Raja Indian Cuisine in the city centre . It is not the type of place people bring their kids .
There is a moderately priced English food restaurant called The Wrestlers that is kid friendly near Raja Indian Cuisine in the city centre .
The Wrestlers is a coffee shop located in riverside near Raja Indian Cuisine . It offers English food with a moderate price range . It is not a kid friendly establishment .
The Wrestlers is a family friendly mid price range coffee shop located near Raja Indian Cuisine .
Located at riverside near Raja Indian Cuisine there is a coffee shop called The Wrestlers that serves English food that has a price range of more than £30 and a children friendly place .
There is a restaurant near Raja Indian Cuisine in Riverside named Travellers Rest Beefeater with a customer rating of 1 out of 5 .
Near Raja Indian Cuisine on the riverside is Travellers Rest Beefeater with a customer rating of 3 out of 5 stars .
A restaurant located in the city center , near Raja Indian Cuisine , Travellers Rest Beefeater , has a high customer rating .
Located near Raja Indian Cuisine . Travellers Rest Beefeater is top rated in riverside
The Travellers Rest Beefeater is located in the city centre near Raja Indian Cuisine . It has an average customer rating .
The Travellers Rest Beefeater has an average customer rating . It is located in the riverside area near the Raja Indian Cuisine .
Riverside area , near Raja Indian Cuisine , high customer rating named Travellers Rest Beefeater .
Near Raja Indian Cuisine in city centre is Travellers Rest Beefeater , a low rated restaurant .
Travellers Rest Beefeater can be found on the riverside near Raja Indian Cuisine , and IT has a low customer Rating .
Wildwood is a high rated coffee shop that serves Chinese food near the Ranch and their price range is £20-25 .
The Wildwood is a coffee shop located near Ranch . They serve Chinese food are rated 5 out of 5 and a typical meal is cheap .
Wildwood is a Chinese coffee shop with an average rating . It has a cheap price range and is located near the Ranch .
The Wildwood is a coffee shop that serves Chinese food in the high price range near the Ranch but has a customer rating of 1 out of 5 .
Wildwood is a high priced coffee shop near Ranch that is selling Chinese food . It has an average customer rating .
Wildwood is a coffee shop providing Chinese food in the less than £20 price range . It is near Ranch . Its customer rating is low .
A coffee shop called Wildwood located near Ranch , serving Chinese food . Wildwood has a moderate price range with a customer rating of 1 out 5 .
There is a coffee shop near Ranch called Wildwood that serves Chinese food and a moderate price and has a 3 out of 5 rating .
Wildwood is a coffee shop near Ranch with a high customer rating . They serve Chinese food with a cost of over £30 .
I love the coffee at the Wildwood coffee shop , it is a great value . I wish I could eat there everyday . It is located near Ranch Street .
Wildwood coffee shop has a customer rating 5 out of 5 , its sells English food at cheap prices . It is located near Ranch
Near Ranch is a British coffee shop called Wildwood . It has low prices and a customer rating of three out of five .
Wildwood is an English coffee shop located near Ranch with high prices and a customer rating of one out of five .
Wildwood is an average coffee shop that is highly-priced and serves English food near Ranch .
The Wildwood is a low priced English coffee shop near Ranch with the average price less than £20 and a low customer rating .
Wildwood is a moderately priced coffee shop serving English food . It is located near Ranch and has a low customer rating .
There is a moderately priced coffee shop called Wildwood near the Ranch serving English food . It has been rated 3 out of 5 .
