The Vaults pub near Café Adriatic has a 5 star rating . Prices start at £30 .
Close to Café Brazil , The Cambridge Blue pub serves delicious Tuscan Beef for the cheap price of £10.50 . Delicious Pub food .
The Eagle is a low rated coffee shop near Burger King and the riverside that is family friendly and is less than £20 for Japanese food .
Located near The Sorrento is a French Theme eatery and coffee shop called The Mill , with a price range at £20-£25 it is in the riverside area .
For luxurious French food , the Loch Fyne is located by the river next to The Rice Boat .
Bibimbap House is a moderately priced restaurant who 's main cuisine is English food . You will find this local gem near Clare Hall in the Riverside area .
The Rice Boat is an adult French restaurant with high customer rating located in the Riverside area .
The Wrestlers coffee shop serves Japanese food . It is situated near Raja Indian Cuisine at the riverside . Prices are less than £20 . It is not family-friendly .
In the city centre lies Aromi , a French coffee shop for adults with a low customer rating .
The Phoenix is a fast food place located in the riverside area . They have moderate pricing and a customer rating of 3 out of 5 .
In the riverside area near The Sorrento is the Browns Cambridge . It is a Fast food restaurant .
A child friendly restaurant that has English food is Loch Fyne .
Taste of Cambridge is a restaurant with a customer rating of 3 out of 5 and and a price range of £20-£25
For a family-Friendly coffee shop Cocum can serve you Italian food at affordable prices . The customer rating however is only average .
The Dumpling Tree is an Italian restaurant with high prices .
The Punter provides Indian food in the cheap price range .
The Golden Curry , a 5-star family friendly breakfast joint near the Café Rouge and near the river .
The Phoenix is located in the city centre . It offers English food , has a high price range , and a customer rating of one out of five .
Yippee Noodle Bar , near the Alimentum city centre is a fast food place with high customer rating , and has a price range of 20-25 euros
The Eagle is a restaurant that offers Chinese food though with a poor rating
The Punter is located near The Portland Arms in the city centre . Their prices are less than £20 and they are family-friendly .
An Italian coffee shop called The Mill is at the riverside . It is near The Sorrento and its price range is more than £30 .
Near All Bar One is a moderately priced Italian place , with a customer rating of 3 out of 5 , it 's called Midsummer House .
The Rice Boat serves English food and is highly rated by its customers . The prices are average but it is easily located close to the Express by Holiday Inn in Riverside .
Blue Spice , French food high price range in the riverside area .
There is a pub called Strada which serves Italian food . It 's near Yippee Noodle Bar and has a 5 out of 5 customer rating .
Alimentum features Chinese food with average customer ratings at a high price . It is located in riverside near Yippee Noodle Bar .
The Cambridge Blue is a pub located near Café Brazil . It offers Chinese food in the range of £20-£25 .
The Waterman is a fast food serving pub by the river which has received high reviews .
Bibimbap House is a restaurant providing dine in meals in the low price range . It is located in at Clare Hall .
A pub named Zizzi has a customer rating of 3 out of 5 , serves French cuisine , and is kid friendly .
Located outside Cambridge City Centre is Alimentum , a cheap , not child friendly eatery .
A coffee shop that is kid friendly near Raja Indian Cuisine named The Wrestlers in the riverside area has a price range of more than £30 that serves Italian food .
The Golden Curry offers English food at a high price . It is near The Bakers . It should be noted that it is not kids friendly .
Green Man is a French restaurant in the city centre . It is not child friendly and is located near All Bar One . It costs more than thirty pounds .
The Waterman is not family-friendly and has a price range of less than £20 .
In the riverside area is the Zizzi restaurant prices ranging more than £30
The Golden Curry is a non family friendly Indian restaurant with an average rating located in the riverside area near Café Rouge .
The Dumpling Tree is a Japanese restaurant that has a price range of more than £30 .
The Punter coffee shop is a family friendly with less than £20 price range serves Japanese food near Café Sicilia has a low customer rating .
Clowns coffee Shop near Clare Hall in Riverside has fine Italian food and an average customer rating .
The Dumpling Tree pub is not a family restaurant . It is located near The Portland Arms .
Blue Spice is a coffee shop along the river near Avalon . The prices are quite high while the customer ratings are quite low . It is not recommended to take children there .
On the riverside the Giraffe is a Fast food , kid friendly pub .
Browns Cambridge is a English food , kid friendly restaurant in the riverside area . It is near The Sorrento .
Cocum is a well-respected Italian coffee shop , offering food at the higher price range . It is child-friendly .
Italian family friendly near Café Sicilia is The Punter which is a cheap coffee shop with average rating .
There is a pub that is moderate priced called The Olive Grove in the Riverside area , that serves Indian food and is not child friendly .
For those prepared to pay over £30 , Giraffe is a restaurant located near The Six Bells .
A child friendly restaurant called Cocum is 3 out of 5 .
The Twenty Two is Italian and child friendly .
There is a 5 out of 5 customer rated child friendly pub located near a Ranch called The Cricketers .
A good coffee shop that received a customer rating of 5 out of 5 is The Eagle . It is in the riverside area near the Burger King . It costs more than 30 pounds and is kid friendly .
Blue Spice is a cheap coffee shop located in the riverside , near Avalon .
Near Crowne Plaza Hotel , in the centre of the city is Browns Cambridge . It is a French coffee shop that is rated average and not family-friendly .
The Golden Curry is a 3 out of 5 Indian food place . It is kid friendly and located in the riverside area near Café Rouge .
Wildwood public house is a one star establishment which serves food .
There is a family friendly restaurant The Golden Curry near The Bakers . It is inexpensive .
North of the city centre , overlooking the river , is a family restaurant named The Rice Boat . It serves Italian food and is rated 1 star .
The Strada is located near the Rainbow Vegetarian Café . It serves Chinese , is cheap , family friendly and low rated .
Alimentum providing fast food less than £20 price range . It is located in city center .
In the riverside area , Blue Spice is family friendly , cheap and has an average customer rating .
Alimentum is Fast food . They are children friendly . The price range is cheap and located near riverside .
The Golden Palace is a cheap Italian coffee shop that is located in the city centre . It has a customer rating of 5 out of 5 .
Loch Fyne is a children friendly restaurant that serves Chinese food .
The Cricketers is a five star coffee shop located near The Portland Arms .
Cocum for coffee shop offers Fast food for cheap price for kids Friendly .
Browns Cambridge serves fast food for a moderate price , customers have given it a poor rating
A coffee shop located on the riverside called The Golden Palace , has a 5 out of 5 customer rating . its price range are fairly cheap for it 's excellent Fast food .
The Waterman serves English food costing more that £30 and has a high customer rating . It is located in the city centre and has a children friendly atmosphere .
Loch Fyne serves average Indian food in the city centre near The Rice Boat .
The Golden Curry is near Café Rouge with will serve you with some lovely Italian food with in the city center with a rating of 5 out of 5 stars . no children please .
Blue Spice in riverside was rate 3 out of 5 and has an average price range of £20-25 , however it is not kid friendly .
The Olive Grove is an inexpensive , family-friendly pub serving wine and cheese .
Giraffe is a moderately-priced , child-friendly coffee shop that is located near The Bakers and has a customer rating of 3 out of 5 .
Blue Spice is a restaurant that cooks Japanese food it is located by the riverside and the price range is moderate
The Cambridge Blue is a restaurant that provides Chinese food Its customer rating is high .
In the centre of the city , there is a restaurant called The Waterman . It is a highly recommended , yet inexpensive , restaurant for families .
The Golden Palace is a coffee shop that provides Italian . It is located by the riverside with an average customer rating and a high price range .
The Waterman is a site for eat Italian food .
Blue Spice is not kid friendly , but has been rated 3 out of 5 by customers . It is located in riverside and has an average price range of £20-25 .
Midsummer House is located near the All Bar One and is in the high price range .
The Rice Boat is near Express by Holiday Inn in city centre . It is kids friendly .
Children friendly Japanese food Strada which has low customer rating and price range more than £30 is served near Rainbow Vegetarian Café .
The Olive Grove serves English food , it is near the riverside , kid friendly and moderately priced .
The Phoenix is a fast food restaurant in Luton offering budget food .
wine and spirits 3 star pub relax by the river at Clowns pub .
Near All Bar One in the riverside area is kid friendly Green Man . The price range is between £20-25 .
The Wrestlers coffee shop is located in the riverside area near the Raja Indian Cuisine . It serves Italian food with a moderate price range and is kids-Friendly .
The Golden Curry serves English food in a family friendly environment . It has a low customer rating .
With 5 out of 5 as a customer rating , The Rice Boat is a non family-friendly , English restaurant located on riverside .
The Cambridge Blue serves traditional English food , and has been given a rating of five stars .
The Golden Palace is in the cheap price range . It is a restaurant
Located near Café Rouge Midsummer House is an Indian restaurant with a poor customer rating .
Alimentum is located in the riverside area and features high priced English food and is not kid friendly .
Clowns is a Japanese coffee shop with 5 out of 5 customer ratings located near Clare Hall in the riverside area .
The Rice Boat , in the riverside area , near Express by Holiday Inn , has English food , is kids friendly , has a high customer rating , and has a price range between 20 and 25 pounds .
The Waterman is located in the city center . It is a low rated Italian restaurant that is not family-friendly and costs more than 20 .
The Plough , near Café Rouge , is a pub serving Italian food . It is not children friendly and in the high price range .
There is a Chinese food restaurant called The Phoenix in the riverside area . It has an average customer rating and the price range is cheap .
Bibimbap House is in riverside near Clare Hall and serves Italian food with a price range is more than £30 .
Loch Fyne is a restaurant providing fast food services , but it is n't family-friendly .
The Phoenix is a three star wine and cheese shop located outside of the City centre with a high price point .
for best coffee just go to Blue Spice . price is very cheap near to Avalon riverside
The Rice Boat is a family-friendly Japanese restaurant in the city centre with a low customer rating .
Near The Portland Arms there is an Italian pub named The Dumpling Tree that welcomes families .
There is an expensive-priced coffee shop located close to Burger King called The Eagle .
Serving French cuisine , The Waterman is in city centre with a low customer rating . Not children friendly .
There is a five star rated French coffee shop in the riverside area near Clare Hall named Clowns .
Near Avalon in the city centre , Blue Spice is a highly rated , averagely priced coffee shop and is not kid-friendly .
The coffee shop The Golden Palace is north of the city centre . It serves expensive food and has a 5 star rating .
Strada offers British food in the low price range . It is family friendly with a 3 out of 5 star rating . You can find it near the Rainbow Vegetarian Café .
Located next to the Crowne Plaza Hotel is a restaurant called The Waterman . Families are not welcome .
The Punter is a restaurant with high prices .
Cotto , an Indian restaurant , has a high customer rating . This is because it is kid friendly and located near the Ranch .
Browns Cambridge is a fast food restaurant , with a customer rating of 3 out of 5 .
The Strada is an Italian pub located near Yippee Noodle Bar with a high customer rating .
The Blue Spice offers Italian food in riverside for less than £20 .
The Rice Boat is an average rated place . It is located in the city centre . It provides French food and it is n't family-friendly .
Browns Cambridge restaurant offers mid-price traditional British fare .
Browns Cambridge is an Indian coffee shop near Crowne Plaza Hotel in the city centre rated 5 out of 5 and family friendly .
There is a low priced coffee shop located near Raja Indian Cuisine called The Wrestlers .
Cocum is a kids friendly pub with a moderate price range . Customer rating is 3 out of 5 .
The Olive Grove is a pub that serves Indian food in the twenty to twenty five pound price range near the riverside that is kid friendly .
Located near the Rainbow Vegetarian Café , it 's inexpensive and family friendly , but the Chinese food at Strada has a low customer rating .
Located near the Rainbow Vegetarian Café , The Golden Palace offers high priced pub food in the Riverside area .
moderately priced The Eagle located just up the road from Burger King is a 3 star family friendly eatery .
Alimentum serves French food near Yippee Noodle Bar by the riverside with a high customer rating and a price range of £20-25 .
Cotto is a coffee shop with fast food at a high price near The Portland Arms
With the price range running more than £30 , it 's surprising that Alimentum is a children friendly site that offers Chinese food in the riverside area .
The Rice Boat in Riverside is a 5 star family restaurant .
There is a 5 star restaurant called The Eagle .
Cocum coffee shop has a low customer rating . It is low cost and family friendly .
The Rice Boat near the Express by Holiday Inn serves Chinese food at a high price in a family friendly environment with high customer ratings and is located right in the city centre
The Golden Palace is a coffee shop located in City centre . It is rated one star .
Near the riverside can be found a moderate-priced , child-friendly pub named The Olive Grove , which serves Italian food .
Midsummer House is a wine bar which is located close to Café Rouge . It has a customer rating of 1 out of 5 .
The Golden Curry serves English food and is family-friendly , and conveniently located in the center of town near the Café Rouge , but it has a low customer rating .
Zizzis Italian restaurant has an average customer rating as a pub style restaurant that is not classified as family-friendly .
Loch Fyne is a 5 out of 5 rated Chinese restaurant located riverside near The Rice Boat .
If you 're looking for an upscale coffee shop , look no further than The Dumpling Tree , a child-friendly , riverside coffee shop near Café Sicilia .
Browns Cambridge is an Indian food restaurant that is cheap and affordable , though customers are not generally pleased and have given the restaurant a low rating .
The French coffee shop , The Eagle , is located in the city centre near Burger King . They are adult oriented and have great reviews .
The Waterman with French food has a high customer rating . This pub is in the riverside area
In city centre near Yippee Noodle Bar is Alimentum , a fast food store .
At Riverside , The Eagle is rated 5 out of 5 and is cheap
Browns Cambridge is an affordable joint to grab a simple lunch , for work meetings or with friends .
The Golden Palace is a fair priced coffee shop with Japanese food , in the riverside area and great customer rating .
Alimentum is a one star restaurant near the Yippee Noodle Bar
Featuring Chinese food priced less than 20 pounds , The Golden Curry is a a family friendly restaurant located near The Bakers .
The cheap highly rated family-friendly coffee shop called The Eagle is located in the city centre , near Burger King . It serves French food .
Blue Spice has items in the £20-25 price range and is in riverside .
With prices starting at £0 for delicious Japanese food in a coffee shop environment , The Mill also boasts being close to The Sorrento
Zizzi is a restaurant that provides food no kids allowed .
The Wrestlers offers cheap Indian food with average customer rating . It is not family friendly .
In the city centre , near Clare Hall , you can find the moderate Fast food place Bibimbap House .
The Waterman in city center serves Italian food .
The Dumpling Tree is an Indian restaurant with cheap prices
Near The Six Bells is a Fitzbillies , providing cheap Italian food .
In the riverside area is located a child friendly coffee shop . Prices are in the £20-25 range and the shop has a high customer rating , look for The Zizzi .
Near the Rainbow Vegetarian Café is The Rice Boat . It has a low rating but costs less than £20 .
There is a mid price ranged restaurant called The Dumpling Tree .
There is a French cuisine establishment located near Rainbow Vegetarian Café , Strada . The price range is moderate , the environment is not kid friendly and the customer satisfaction rating is a low 1 out of 5 .
Located in the city centre The Eagle coffee shop , with a customer Rating of 3 out of 5 , offers Indian food for a moderate price . While it is not kid friendly there is a Burger King nearby .
The Olive Grove is a pub and no children is allowed .
Browns Cambridge is a French coffee shop near Crowne Plaza Hotel in the city . It is not family-friendly and rated average .
A cheap hotel near Cambridge is Fitzbillies , part of the chain called Express by Holiday Inn . This hotel was rated 5 out of 5 .
With a 1 out of 5 rating , Cotto is kid friendly , located near Ranch , and serves French food .
Located next to The Rice Boat is Loch Fyne , offering high-end Italian .
Moderately priced The Rice Boat serves Indian food of a good standard near the Express by Holiday Inn in the city centre . But is not child friendly .
Zizzi is a 5 star rated coffee shop in the riverside area . It serves dishes for more than 30 pounds in an adult environment .
The Strada pub is a French food place near the Yippee Noodle Bar . It has low customer ratings .
Alimentum offer Italian food at a moderate cost by the riverside . Unfortunately kids are not permitted .
Browns Cambridge is an averagely rated coffee shop located near Crowne Plaza Hotel in the city centre . It is family friendly and serves Indian food .
The Phoenix serves French food and is situated in the riverside area . It has a low customer rating .
with 5 out of 5 stars and in the mid price range Wildwood is a fast food pub
Clowns is a child friendly establishment near Café Sicilia with higher end prices .
Travellers Rest Beefeater is located near Café Adriatic . It has high prices with a 5 out of 5 customer rating .
A pub in the riverside area , The Mill offers Chinese food for less than £20 .
Located near Café Rouge , Cotto serves French food .
The Golden Curry provides Chinese food and with an average customer rating they are not family friendly .
The Twenty Two offers kid friendly French food .
The Phoenix is a highly rated restaurant serving British food , it is located on the outskirts of the city centre .
Cotto is a high-priced fast food coffee shop located in city centre near The Portland Arms .
A coffee shop located near the Riverside area Fitzbillies is in the low price range and customers have rated it poorly . Its name is Fitzbillies .
The Golden Palace is a very cheap restaurant located in the centre of the city and delivers take away .
The kids friendly The Waterman is average priced
The Eagle , a moderately priced Italian coffee shop in the center of the city near Burger King , has a low customer rating and does not welcome children .
The Phoenix provides Chinese food It is located in the riverside . Its customer rating is average .
Loch Fyne is a cheap family friendly Japanese restaurant .
The Waterman , with a 3 out of 5 rating , serves Fast food by the riverside . It has a moderate price range but is n't child friendly .
The Olive Grove is a child friendly , city centre pub . It serves expensive French food .
Fitzbillies is a great coffee shop which sells Indian food . Prices ranging from £20-25 . They have a high customer rating . Can be found in the city centre . No children allowed
Wildwood is an Italian pub with a price range of £20-25 . The pub has a very high customer rating .
Fitzbillies is a child-friendly Japanese coffee shop in the Riverside area with a low customer rating and prices higher than £30 .
Bibimbap House is located near Clare Hall on the riverside . The price is moderate and the food is Italian .
There is a pub located by the riverside that has a 5 out of 5 customer rating and provides Japanese called The Waterman .
Fast food restaurant The Dumpling Tree has a high price range .
The Taste of Cambridge is a family friendly coffee shop near Crowne Plaza Hotel in the riverside area with Japanese food .
There is a cheap restaurant The Wrestlers located in the centre of the city that provides take-away deliveries .
Fitzbillies is a kids friendly place located a few steps of the Express by Holiday Inn . Its prices are moderates , and it has a poor rating between its clients .
Loch Fyne is a one star restaurant located on the river near The Rice Boat .
Green Man is a pub that serves Indian food in the city centre area near Café Rouge .
For English food at high prices that is n't children-friendly go to The Olive Grove that is a riverside pub
The Waterman is a pub that sells Japanese food and is located in riverside and has a customer rating of 3 out of 5 .
Midsummer House is a cheap Japanese restaurant with a five out of five customer rating near All Bar One .
Clowns is a pub that is located by the riverside with a high customer rating and a price range of more than £30 .
Highly rated and mid priced , Travellers Rest Beefeater is located in the city centre near Café Adriatic .
There is a variety of wines , cheeses , and fondues to enjoy at The Golden Palace coffee shop .
The Golden Curry is a five star establishment with a family friendly atmosphere .
All Bar One is near a sushi restaurant called Midsummer House . Midsummer house is averagely priced and has a five star customer rating .
Blue Spice in Riverside has options priced less than £20 . It 's family-friendly and has an average customer rating .
The Golden Palace is a coffee shop located by the riverside . Its moderately priced Indian food has a customer rating of 1 out of 5 .
Strada provides Chinese food in the cheap price range . It is near Rainbow Vegetarian Café . Its customer rating is average .
Aromi is a restaurant in riverside that offers Fast food .
In the Riverside area there is an Italian food venue named The Phoenix . It is in the high price range and has an average customer rating .
For the best in Italian food costing between £20 to £25 in the riverside area , visit Bibimbap House close to Clare Hall .
The Olive Grove is a high priced Indian pub located in the Riverside area and is child friendly .
The Golden Curry , a family-friendly fast food restaurant , has a 5 out of 5 customer rating .
Cocum coffee shop is an inexpensive fast food restaurant . It is not family-friendly and has a 1 of 5 star rating .
The Golden Curry is in riverside near Café Rouge . It is a Japanese venue that is kid friendly with a 1 out of 5 rating .
The Golden Curry is a low-priced family restaurant next to The Bakers .
Wildwood is a highly rated Japanese coffee shop near Ranch . Prices are average .
Cocum is a non-child friendly pub with a high price range and a customer rating of 3 out of 5 .
The Golden Curry is a low priced restaurant located near The Bakers that is family friendly .
Fitzbillies is a kids friendly coffee shop , located in the riverside area , which provides French food within a price range of £20-25 . It has a high customer rating .
eggs and beans are low priced breakfasts at Strada nearby the Rainbow Vegetarian Café .
Zizzi is a pub serving Chinese food . Customers have rated it average but is not family friendly .
Alimentum has a customer rating of 1 out of 5 and serves moderately priced Italian food near Yippee Noodle Bar in the riverside area .
Alimentum , reasonably priced English food in the city centre near the Yippee Noodle Bar . 1 star .
Near The Bakers is The Golden Curry , it is fast food . and family friendly .
The Phoenix is a fast food restaurant in the riverside area . its prices are low .
Strada is low price range restaurant , less than £20 . It is family-friendly and has a average rating .
Fitzbillies near The Six Bells is a high price ranged Italian
The Phoenix serves English food and has a customer rating of 5 out of 5 , it is located in the riverside area .
Fitzbillies is a low-priced restaurant in the city centre Rainbow Vegetarian Café
5 out 5 is the rating you get when you dine at The Rice Boat . Located near Riverside this child friendly Japanese restaurant is exceptional .
Browns Cambridge is a one star fast food restaurant .
The inexpensive Travellers Rest Beefeater is in the riverside area near Café Adriatic and serves average food .
The Vaults is near Café Brazil in the riverside area . It is an expensive coffee shop with an average price range of more than £30 . It has a high customer rating .
Cotto is a French food place near Ranch . It has an average customer rating and is family friendly .
The Punter is right off of the river in The Portland Arms , is cheap , and is not a family friendly environment .
The Golden Curry , in the center of the city , is an Italian restaurant . Close to Café Rouge , it does have a low customer rating .
The Wildwood is an affordable coffee shop that serves Japanese food , located in Ranch .
The Alimentum is a place in the city centre area near Yippee Noodle Bar . They serve Chinese food with a high price range and a customer rating of 1 out of 5 .
There is a restaurant The Golden Curry that is located near to The Six Bells . It does not allow children .
Alimentum is a kid friendly restaurant in Riverside which offers Japanese food for £20-£25 .
The Rice Boat , which has an average customer review , is located near the Rainbow Vegetarian Café and is in the high price range .
Aromi is a coffee shop providing Indian food It is located in the riverside . Its customer rating is 5 out of 5 .
The Phoenix has a customer rating of 1 out of 5 . It serves Italian food and is in the riverside area .
A French restaurant that is priced between 20-25 euros with an average customer rating with a location in the center of the city is The Phoenix .
The Rice Boat is a cheap family friendly place serving French Food . It is in the riverside area near the Express by Holiday Inn . It has a low customer rating .
Midsummer House is a cheap fast food restaurant near All Bar One . It has an average customer rating .
Loch Fyne is a restaurant that serves English food that is not family-friendly .
The Golden Palace is a coffee Shop . It is located in riverside area . High price range and have 3 out of 5 costumer rating .
English restaurant , The Twenty Two , is located near the city centre is and is not family-friendly .
Do not visit The Eagle , they are a low rate fast food eatery .
The Rice Boat is a restaurant located near the Express by Holiday Inn in city centre , where it offers English food in a no kids friendly environment at a price range of £20-25
Blue Spice is located in the riverside . It serves English food in the range of £20-25 .
Alimentum serves Indian cuisine at cheap , affordable prices . Customers have rated the food as average . Alimentum can be found near the riverside and Yippee Noodle Bar .
Near The Bakers is The Golden Curry , a family friendly restaurant .
A medium priced burger restaurant called Alimentum is a great venue for families .
In riverside is The Phoenix . Serving Chinese with a 5 out of 5 customer rating .
The Phoenix is a very well-respected restaurant in the city centre that serves gourmet Chinese cuisine .
Italian pub called Giraffe by the riverside . Is children friendly .
In the city centre is The Mill , which is a fast food pub in the city centre .
High priced pub named The Golden Palace is located near Rainbow Vegetarian Café at the riverside .
Browns Cambridge is rated high by its customers and has a price range of more than £30 .
Loch Fyne is a restaurant that serves Indian food and welcomes kids .
Offering cheap but 5 out of 5 rated fast food for adults , The Cocum coffee shop is not family-friendly .
Midsummer House serves a French food , and this French restaurant is locate near Café Rouge . Midsummer House , but it has average rating .
The Punter is a family friendly coffee shop in the less than £20 range . They serve Japanese food and can be found near Café Sicilia . They have a low customer rating .
In the city centre you 'll find an Italian restaurant called The Phoenix which as a price range of £20-25 and a high customer rating .
The Cambridge Blue is an Italian pub near Café Brazil whose meals are more than 30 pounds .
The Wrestlers is a low rated , reasonably priced sushi restaurant . It does not cater for families .
Serving French food , The Phoenix is located in the riverside area and has a low customer rating .
Located next to The Bakers , The Golden Curry offers great food for the family at amazingly affordable prices .
Green Man serves Chinese food in the high price range and is located at the riverside near All Bar One and it is children friendly
There is a kids friendly restaurant located in city centre called The Waterman .
The Olive Grove is a family friendly pub that offer drinks at a high price .
The Twenty Two by riverside serves Japanese food and family friendly .
The Waterman provides Chinese food in the cheap price range . It is located in the riverside . Its customer rating is 5 out of 5 .
The Giraffe is a pub located in the city centre , selling French food . It is not suitable for families .
If looking for a moderately priced 1 out of 5 star restaurant near the riverside , Travellers Rest Beefeater is a good option - located near Café Adriatic .
The Eagle is an Italian coffee shop in riverside near Burger King with a customer rating of 1 out of 5
Browns Cambridge is a place with moderate price range but low customer rating .
A cheap , family friendly restaurant , Clowns , is near Café Sicilia .
A children friendly pub near Ranch with an average customer rating is named The Cricketers .
Taste of Cambridge is a restaurant ranging at less than 20 pounds . It has low ratings .
There is a restaurant near All Bar One called Midsummer House that is expensive .
Alimentum is a decent assessment of clients and offers eating fast food at average prices . nearby there is a Yippee Noodle Bar
Cotto is a kid friendly restaurant near Ranch offering Japanese food with a high customer rating .
The Olive Grove is an affordable pub but no kids is allowed .
The Cambridge Blue pub is expensive and offers gourmet burgers
The Golden Curry is a family friendly Chinese place with a low customer rating in the city centre near Café Rouge .
If you are looking for a high-priced restaurant , go to Browns Cambridge , a Japanese restaurant with a customer rating of 3 out of 5 .
The Mill is a Chinese pub with price range less than £20 in city centre .
Located near Café Adriatic , in the city centre , the Travellers Rest Beefeater has a current customer rating of 3 out of 5 , with a price range of £20-25 .
The Wrestlers offers French food at a price range of above £30 . Whilst not child friendly it has a customer rating of 5 out of 5 .
Located near Café Rouge , in the city centre , The Green Man pub serves English food .
For a nice pub try The Vaults , located near Café Adriatic .
For cheap food there is The Wrestlers public house . It is not family friendly and has one out of five stars .
There is an average priced British pub called Wildwood . It has a 3 out of 5 customer rating .
The Golden Curry serves English food . It has a customer rating of 5 out of 5 and is not family-friendly .
Bibimbap House is located near The Rice Boat , in the city centre . They serve Italian food .
The Dumpling Tree is an Italian restaurant . They Dumpling Tree has high prices .
Low priced Travellers Rest Beefeater is in city centre located near Café Adriatic . It is low priced with an average customer rating .
It 's an Italian one . In a pub matter . Noodles are their specialty . The Mill is a very popular place too .
Zizzi is a coffee Shop have 3 out of 5 costumer rating , and £20-26 price range . It is located in city center .
There is an expensive coffee shop called Zizzi in riverside that is not children friendly and only has a 3 out of 5 rating .
Low priced , family friendly restaurant Fitzbillies in the riverside area rated three star .
When thinking of taking the children out for French cuisine , The Golden Curry is highly recommended with a 5 out of a possible 5 rating .
High rated English food served at the Alimentum located in the city centre near Yippee Noodle Bar .
For Japanese food near The Sorrento on the riverside , go to Browns Cambridge .
There is a cheap pub The Plough located near Café Rouge that provides Italian food .
A kid friendly coffee shop is Cocum , offering high customer ratings and £30 dining options .
Wildwood is a coffee shop providing Indian food in the moderate price range . It is near Ranch . Its customer rating is 3 out of 5 .
If you are looking for a 5 out of 5 restaurant , try Browns Cambridge . It has a price range over 30 .
Located on the riverside near All Bar One , Green Man is a French venue that costs more than £30 and is not child friendly .
The Twenty Two is a family-Friendly Italian place located beside riverside .
Riverside area there 's a average customer rating . Alimentum is near Yippee Noodle Bar that serves Italian food and has a cheap price range .
There is a coffee shop in the riverside area named Zizzi . It is not child-friendly , has a low customer rating , and possesses a price range of around £30 .
The Rice Boat is an affordable Italian restaurant locates in the city centre , near the Express by Holiday Inn . Although it is not family-friendly , it has very cheap prices .
Wildwood is an English pub in the low price range with high customer ratings .
The Cricketers is a coffee shop that offers Fast food to its customers . It is located near The Portland Arms , has a rating of 1 out 5 stars , and is child-friendly .
Loch Fyne is a well-received restaurant with a wide range of delicious Indian food . It also delivers a fantastic service to young children .
The Golden Curry provides average English food . Although it is not a family-friendly restaurant .
Browns Cambridge is restaurant in the 30 and up price range , with a customer rating of 5 out of 5 .
The Phoenix is a French food restaurant in riverside . It has a 3 out of 5 customer rating .
Blue Spice , located along the riverside near Avalon , is a decent , family-friendly coffee shop .
The Wrestlers serves Chinese food for £20-25 that has high customer ratings that is also kid friendly .
Blue Spice serves Chinese food in the riverside area . Their food is expensive .
Rated 3 out of 5 , Strada is child friendly and high priced .
5 out of 5 stars from its customers , Aromi is a children friendly , French coffee shop by the river .
Browns Cambridge serves English food and is child friendly . It is located by the Riverside near to The Sorrento .
The Rice Boat provides French food . It is located at riverside near Express by Holiday Inn . It has a price range of more than £30 , a low customer rating , and is not children friendly .
The Eagle has a customer rating of 3 out of 5 with its servings of French food .
The Olive Grove in the Riverside area is a child friendly pub , but has a high price range .
Giraffe is a high priced , kid friendly coffee shop located near The Bakers .
The Mill is a pub that provides Indian food in the more than £30 price range . It is located in the riverside .
There is an English pub near Yippee Noodle Bar . It is called Strada and has a customer rating of 3 out of 5 .
The Phoenix is a 1 star fast food restaurant located north of the city centre and is high-priced .
For £20-25 , The Rice Boat serves English cuisine in Riverside near Express by Holiday Inn . Not kids friendly .
Located in the City centre area near the Express by Holiday Inn , is the fast-food restaurant The Rice Boat . This low-cost , family-friendly location receives 1 out of 5 stars .
The Olive Grove is a pub that provides Indian food in the high price range . It is located in the city centre .
Near The Bakers , Giraffe is a child friendly coffee shop with a high price range and a customer rating of 1 out of 5 .
The Eagle is located in the riverside area . It is rated as high by its customers with an above average price range .
The Rice Boat is Located a mile from the city centre near the river edge is our three star family friendly establishment offering a good choice of food and drink for all the family young and old .
The Golden Curry is a Chinese family friendly restaurant that has average ratings . It is located in Riverside next to the Café Rouge .
Cocum is a family friendly coffee shop serving French food under £20 with a low customer rating
Strada is a low-priced restaurant close to the Rainbow Vegetarian Café that provides fast foods and is family friendly .
The Olive Grove is a pub selling good sushi at low prices , but not familiar . It is north of the City Centre .
Wildwood is a highly rated French pub with a price range of £20-25 .
The Vaults , a City Centre coffee shop with a river view , is priced as a mid-range shop . Café Brazil , a neighboring establishment , is less than a block away along that same river .
The Rice Boat serves English food on the city centre .
Not all age groups are allowed at a store Zizzi pub that provides good quality food and drinks .
The Strada is an exciting Italian restaurant that is not only affordable , but quiet because no minors are allowed . It is right next to the Rainbow Vegetarian Café
Welcome to The Waterman , located by the riverside . We serve English food and our price range is cheap . We are not family-friendly and our customer rating is average .
The Rice Boat is a Italian restaurant it is located near Express by Holiday Inn it is children friendly with an average customer rating the price range is high and it is located near the city centre
The Eagle is a restaurant serving English food with a top customer rating .
Strada is an Italian food venue near Rainbow Vegetarian Café that is children friendly and does n't cost more than £30 .
There is an Italian restaurant , The Phoenix , located in riverside . It has a 3 out of 5 rating .
Aromi is coffee shop that has Italian food and high customer rating . It is riverside and children friendly .
The Phoenix serves English food on the riverside . This venue has a high customer rating .
The Vaults is a fast food restaurant that is children friendly with a price range of more than £30 .
The Travellers Rest Beefeater is a family friendly restaurant where you can eat for cheap .
Located on the riverside , The Olive Grove is a great restaurant for the family
A family friendly pub in the riverside area , the Giraffe also offers Chinese food .
With an average customer rating , Loch Fyne is in the city centre , near to The Rice Boat , a Japanese restaurant .
Midsummer House serves Italian food near All Bar One . It is moderately priced and has a high rating of 5 out of 5 .
Strada provides Chinese food in the high price range . It is near Rainbow Vegetarian Café . Its customer rating is 1 out of 5 .
The Dumpling Tree is a restaurant with fair prices .
The Rice Boat is a family-friendly Fast food restaurant in the city centre with an excellent customer rating .
Alimentum is a burger restaurant suitable for families and offers medium prices .
Loch Fyne is an Indian food restaurant in riverside near The Rice Boat . It has a 5 out of 5 rating .
A good Fast food restaurant is The Phoenix with a high costumer rating and low prices starting at £20-25 . Located in city centre .
A cheap English food place in riverside is Blue Spice .
The Twenty Two is children friendly , and serves Japanese food on the riverside .
In the riverside area near The Portland Arms , The Punter is a choice that is both frugally priced and family friendly .
The Wildwood is a mid ranged pub with average customer reviews .
The Wrestlers is a place that serves French food less than £20 . Average Ratings . Not family-friendly .
Giraffe near The Bakers is a coffee shop that is kid friendly , moderate price range and has a 1 out of 5 rating .
The Waterman is a non family-friendly establishment serving Italian food with a price range between £20-25 and a high customer rating in the city centre .
Bibimbap House is located in City centre . They are an expensive Italian restaurant near Clare Hall .
The Phoenix is a low price restaurant that does take out .
The Green Man is a quiet establishment near the city center with dishes less than £20 .
The Cambridge Blue is a moderately priced pub . It is located close to Café Brazil .
The Rice Boat rated 5 out of 5 is a non family-friendly Italian restaurant in the city centre
There is a French coffee shop near Café Sicilia named The Punter which is not children friendly , has a low customer rating and has a price range more than £30 .
An Indian food restaurant that is moderately priced is called the Loch Fyne . It is kid friendly and moderately priced .
The Mill is a coffee shop in the city centre that serves Italian food . You will find it near The Sorrento . its prices are moderate .
The Phoenix is a restaurant that sells Italian food and is located in the city centre . It has a cheap price range and has a customer rating of 5 out of 5 .
The Waterman is a kid friendly fast food restaurant , with high customer rating and a price range of £20-25 . It is located in the riverside area .
The Golden Curry provides Chinese food in the moderate price range . It is near The Bakers .
With an average customer rating , The Phoenix serves English food and is located in city centre .
The Eagle is a fast food restaurant providing take-away deliveries in the high price range . It is located after Burger King .
The high-end riverside restaurant The Rice Boat is located near the Express by Holiday Inn hotel . It caters for families .
Alimentum is a mid-priced 1 star restaurant located near Yippee Noodle Bar .
The Cricketers , is a high-rating , kid-friendly coffee shop near The Portland Arms which offers Japanese food .
If you are in the mood for Japanese food , try The Punter . It is a family Friendly coffee shop in the less than £20 price range with a low customer Rating . It is located near Café Sicilia .
The Olive Grove is a restaurant that is low-priced and family-oriented .
The Cambridge Blue is located in the city centre , it is a lowly fast food restaurant .
The Olive Grove is a Fast-food pub in the riverside area that has a price range of less than 20 pounds , but is not family-friendly .
Cocum is a pub with moderate prices . It has a 1 out of 5 rating and is kid friendly .
Strada is a kid friendly place within the price range of £20 - £25 that is highly rated .
Priced at more than L30 , the family friendly pub The Plough is currently serving Indian food near Café Rouge .
Located in the riverside area near the Yippee Noodle Bar , Alimentum is a high priced Indian restaurant with a 1 of 5 customer rating .
The Wrestlers is a non-family-friendly English restaurant with a customer rating of 5 out of 5 and has a cheap price range .
The Golden Curry is a three star pasta restaurant , and is family friendly .
With a customer rating of 1 out of 5 , Zizzi is a children friendly pub that serves Italian food .
There is a restaurant Green Man in the riverside area .
The Eagle is a moderately priced coffee shop , located by Burger King and offers a family friendly atmosphere .
The Eagle is a coffee shop that serves French food . It is located in the center of the city near Burger King . It is not family-friendly . The customer rating is low and the price range is less than £20 .
The Wrestlers is a cheap family friendly French pub and a coffee shop located near Raja Indian Cuisine near riverside
The Twenty Two is children friendly located in the riverside area and serves French food .
There is a pub called the Green Man in the riverside area serving English food . It is near the Café Rouge .
Pub called Giraffe is a Fast food , family-friendly and located in the city centre
There is a low-rated coffee shop , Browns Cambridge , located in the centre of the city near Crowne Plaza Hotel . It serves French food and is not family-friendly .
The Cambridge Blue is a fast food restaurant rated 3 out of 5 .
Blue Spice is in the riverside area , it is a fast food restaurant with a moderate price range .
located within Riverside The Twenty Two serves Japanese food and is kids Friendly
The Rice Boat , located riverside by Express by Holiday Inn , is not children friendly . The prices are high , and the customer rating is average .
There 's a moderately priced Japanese pub called The Plough that 's kid friendly . It 's near Café Rouge .
The Punter is a expensive coffee shop that providing average range food and family services . It is located in city center after Café Sicilia
Near Express by Holiday Inn , is Fitzbillies , with a family friendly environment average customer rating and reasonable pricing .
In the Riverside area you can find the family friendly The Twenty Two restaurant offering up English food .
The Plough is a friendly pub near to the Café Rouge in Dulwich , and it serves nice and fresh French foods for it 's visitor on affordable prices . Unfortunately it is not kids friendly .
The Rice Boat near Express by Holiday Inn , in the centre of the city , has English food , moderate prices and is not kid friendly . It has 1 out of 5 on customer ratings .
Browns Cambridge is a coffee shop that is family-friendly they serve fast food that is in City center that is near Crowne Plaza Hotel that has a low customer rating .
Riverside offers this affordably priced pub , The Golden Palace located near Rainbow Vegetarian Café .
In Riverside , there is a restaurant named The Phoenix which serves French food , but the customer rating is low
Clowns is a child friendly venue costing more than £30 , it is located near Café Sicilia .
Near The Bakers , The Golden Curry serves English food has a high price range and is not child friendly .
There is a restaurant The Rice Boat that provides a high quality foods . It is opened to all age groups .
A Japanese food restaurant that rates 5 out of 5 is Loch Fyne which is near The Rice Boat in the riverside area .
The Waterman is an expensive restaurant offering sushi . It is located in City centre .
A great French coffee shop called Fitzbillies is near the riverside . The prices range from 20-25 and is kid friendly .
The Twenty Two provides Chinese food It is located in the riverside .
Midsummer House near , Café Rouge , serves a 5 out of 5 , French menu
By the riverside is a coffee shop called The Eagle that serves Japanese food near Burger King . It is rated average , not child friendly and priced a bit high .
Kid friendly French food at The Twenty Two .
The Waterman is a Japanese kid friendly restaurant located near the Crown Plaza Hotel .
The Golden Curry is located near The Bakers serves Chinese food with a high price range , and is considered children friendly .
Blue Spice is a cheap , non-family-friendly restaurant in riverside with a 5 out of 5 customer rating .
The Olive Grove is a family friendly Indian pub in the city centre that is priced lower than 20 .
Located by the river , The Phoenix is a high-rated fast food place , with prices more than £30 .
Providing pub food in the moderate price range , Cocum is child friendly and has a customer rating of 3 out of 5 .
For a cheap price serving Chinese look for The Dumpling Tree restaurant .
Zizzi is a low rating and serving pub type French food .
The Twenty Two is child friendly and serves Fast food located in the city centre .
Near The Rice Boat , Loch Fyne is a low rating English rating restaurant in riverside .
Located by the riverside , The Rice Boat is a French restaurant that has a customer rating of 5 out of 5 but is n't family-friendly .
In the riverside area is a fast food coffee shop called The Golden Palace that has a moderate price range and a 3 out of 5 rating .
There is a non-family-friendly restaurant that serves Japanese food by the riverside . It is called The Twenty Two .
Cotto is a coffee shop that offers delicious Indian food , although the price range is high , you will be pleased to know Cotto has high customer ratings . It is located in Riverside near The Portland Arms .
The Olive Grove is a pub in the riverside area which has Indian food with prices over 30 pounds . It is child friendly .
There is an Indian restaurant by the city centre near the Express by Holiday Inn with a 1 out of 5 rating and high price range that is not child friendly named The Rice Boat .
The Japanese restaurant , The Golden Curry , is a restaurant that is not family-friendly and has low customer ratings .
Moderately priced , Taste of Cambridge is a restaurant with an unfortunately low customer rating .
In the city centre near the Yippee Noodle Bar you will find Alimentum . An Indian restaurant with moderate ratings and prices
The Golden Palace is a Japanese coffee shop in the riverside area with a low customer rating . it costs more than £30 .
Located in the city centre , The Waterman is a child friendly French restaurant with a price range of more than 30 .
Alimentum provides Chinese food in the high price range . It is located in the riverside . It is near Yippee Noodle Bar . Its customer rating is average .
The venue 'Alimentum ' is located in the city centre . They have a high price range , serve English food and are children friendly .
The Golden Curry serves Italian food in the high price range . It is children friendly and is located near The Bakers .
The Vaults is a cheap pub with a customer rating of 5 out of 5 . It is located near Café Adriatic .
You can find great Italian food , for less than £20 , at The Dumpling Tree . It is a great family restaurant .
Alimentum is a well priced one star fast food restaurant near the city centre and Yippee Noodle Bar .
Near The Rice Boat on the riverside is Loch Fyne . They get a customer rating of 3 out of 5 for their French food .
The Dumpling Tree is a kid friendly Japanese pub located near The Portland Arms .
Strada Japanese food is located near Rainbow Vegetarian Café . They have low ratings , they are family friendly , and their prices range less than 20 .
The Rice Boat , near Express by Holiday Inn , located in riverside , is a cheap Italian restaurant . It has average customer ratings and is not family-friendly .
Alimentum is an Indian restaurant that is moderately priced . It is kid friendly and in the city centre .
A cheap Italian pub , The Cambridge Blue is located near Café Brazil .
Browns Cambridge is a coffee shop , by Crowne Plaza Hotel , 3 star rating and is family friendly .
Children friendly coffee shop Taste of Cambridge that serves French food can be found at riverside near Crown Plaza Hotel .
The Golden Curry provides Indian food Its customer rating is low .
The Golden Palace is a cheap coffee shop in the middle of the city .
Blue Spice is a family friendly restaurant located by the riverside . Price ranges are moderate and it is rated 1 out of 5 .
The Vaults is a cheap family friendly restaurant offering English food .
There is an Indian food restaurant called The Cambridge Blue . Although , they do have a low customer rating .
The Rice Boat , located in the city centre , near Express by Holiday Inn , is a Japaneses style restaurant with low prices , high ratings , and family-friendly atmosphere .
The family can enjoy Italian at the kid friendly The Twenty Two .
Located in Riverside , The Phoenix Japanese restaurant has a price range from £20-25 and a high customer rating .
Located in the city centre , near Rainbow Vegetarian Café , The Golden Palace is a pub in the more than £30 price range .
Want to pay less than £20 , go to Blue Spice , English food in the city center .
There is restaurant Loch Fyne that offers food and drinks at low prices .
The Olive Grove is a pub providing take-away deliveries to your family , such as tasty hamburgers . It is located in the city centre .
There is a restaurant called The Golden Curry which provides Indian food , it has a 5 out of 5 rating but is not family friendly .
A good kid-friendly , English restaurant is Loch Fyne .
The Eagle is a moderately priced restaurant in Riverside .
There is a cheap Indian restaurant named Blue Spice near riverside .
There is a cheap , family friendly French coffee shop called Cocum . It has a customer Rating of 5 out of 5 .
The Japanese restaurant Alimentum situated down the riverside is a kids friendly place with average price range .
Browns Cambridge gets a 5 out of 5 customer rating . It serves English food at affordably cheap prices .
Green Man is a children friendly restaurant that serves expensive English food . Its located in riverside near All Bar One .
Browns Cambridge provides Chinese food in the £20-25 price range . Its customer rating is high .
There is a 3 out of 5 rated , kid friendly restaurant called The Golden Curry .
The Plough is a pub serving Indian food situated near to Café Rouge . It is moderately priced , but is n't kids friendly .
Eat in Browns Cambridge . French food for less than £20 but has a low customer rating
